BL51 BANKED LINKER/LOCATER V6.22.2.0                                                    01/14/2022  09:01:27  PAGE 1


BL51 BANKED LINKER/LOCATER V6.22.2.0, INVOKED BY:
D:\KEIL\C51\BIN\BL51.EXE STARTUP.obj, 3264gps时钟.obj TO 3264GPS时钟-12 RAMSIZE (256)


MEMORY MODEL: LARGE


INPUT MODULES INCLUDED:
  STARTUP.obj (?C_STARTUP)
  3264gps时钟.obj (3264GPS____)
  D:\KEIL\C51\LIB\C51L.LIB (?C_INIT)
  D:\KEIL\C51\LIB\C51L.LIB (?C?SCDIV)
  D:\KEIL\C51\LIB\C51L.LIB (?C?IMUL)
  D:\KEIL\C51\LIB\C51L.LIB (?C?ILDIX)
  D:\KEIL\C51\LIB\C51L.LIB (?C?OFFXADD)


LINK MAP OF MODULE:  3264GPS时钟-12 (?C_STARTUP)


            TYPE    BASE      LENGTH    RELOCATION   SEGMENT NAME
            -----------------------------------------------------

            * * * * * * *   D A T A   M E M O R Y   * * * * * * *
            REG     0000H     0008H     ABSOLUTE     "REG BANK 0"
            REG     0008H     0008H     ABSOLUTE     "REG BANK 1"
            REG     0010H     0008H     ABSOLUTE     "REG BANK 2"
            REG     0018H     0008H     ABSOLUTE     "REG BANK 3"
            BIT     0020H.0   0002H.6   UNIT         ?BI?3264GPS____
            BIT     0022H.6   0000H.1   UNIT         _BIT_GROUP_
                    0022H.7   0000H.1                *** GAP ***
            DATA    0023H     0031H     UNIT         ?DT?3264GPS____
            DATA    0054H     0003H     UNIT         _DATA_GROUP_
            IDATA   0057H     0028H     UNIT         ?ID?3264GPS____
            IDATA   007FH     000EH     UNIT         _IDATA_GROUP_
            IDATA   008DH     0001H     UNIT         ?STACK

            * * * * * * *  X D A T A   M E M O R Y  * * * * * * *
            XDATA   0000H     0032H     UNIT         ?XD?3264GPS____
            XDATA   0032H     0008H     UNIT         _XDATA_GROUP_

            * * * * * * *   C O D E   M E M O R Y   * * * * * * *
            CODE    0000H     0003H     ABSOLUTE     
            CODE    0003H     0008H     UNIT         ?PR?TIM0?3264GPS____
            CODE    000BH     0003H     ABSOLUTE     
                    000EH     0005H                  *** GAP ***
            CODE    0013H     0003H     ABSOLUTE     
                    0016H     0005H                  *** GAP ***
            CODE    001BH     0003H     ABSOLUTE     
                    001EH     0005H                  *** GAP ***
            CODE    0023H     0003H     ABSOLUTE     
                    0026H     0005H                  *** GAP ***
            CODE    002BH     0003H     ABSOLUTE     
            CODE    002EH     1AFBH     UNIT         ?PR?MODE0_SJ_RGB?3264GPS____
            CODE    1B29H     1708H     UNIT         ?CO?3264GPS____
            CODE    3231H     0D07H     UNIT         ?PR?MODE4_SJ_R?3264GPS____
            CODE    3F38H     0D02H     UNIT         ?PR?MODE8_SJ_R?3264GPS____
            CODE    4C3AH     08CFH     UNIT         ?PR?MODE6_SJ_R?3264GPS____
BL51 BANKED LINKER/LOCATER V6.22.2.0                                                  01/14/2022  09:01:27  PAGE 2


            CODE    5509H     08CFH     UNIT         ?PR?MODE7_SJ_R?3264GPS____
            CODE    5DD8H     06EAH     UNIT         ?PR?MODE5_SJ_R?3264GPS____
            CODE    64C2H     02AFH     UNIT         ?PR?MODE2_SJ_R?3264GPS____
            CODE    6771H     02AFH     UNIT         ?PR?MODE3_SJ_R?3264GPS____
            CODE    6A20H     0280H     UNIT         ?PR?MODE1_SJ_R?3264GPS____
            CODE    6CA0H     0280H     UNIT         ?PR?MODE1_SJ_G?3264GPS____
            CODE    6F20H     0280H     UNIT         ?PR?MODE1_SJ_B?3264GPS____
            CODE    71A0H     0233H     UNIT         ?PR?GETNL_RI?3264GPS____
            CODE    73D3H     0227H     UNIT         ?PR?MODE0123_RQ_G?3264GPS____
            CODE    75FAH     0221H     UNIT         ?PR?KEYSCAN?3264GPS____
            CODE    781BH     0213H     UNIT         ?PR?MODE1_SJ_RGB?3264GPS____
            CODE    7A2EH     0212H     UNIT         ?PR?SHOWLOGO?3264GPS____
            CODE    7C40H     0211H     UNIT         ?PR?ADC?3264GPS____
            CODE    7E51H     020CH     UNIT         ?PR?XUEXI_G?3264GPS____
            CODE    805DH     018DH     UNIT         ?PR?MAIN?3264GPS____
            CODE    81EAH     017FH     UNIT         ?PR?MODE4567_RQ_R?3264GPS____
            CODE    8369H     0172H     UNIT         ?PR?XUEXI_R?3264GPS____
            CODE    84DBH     0158H     UNIT         ?PR?_GET_MOON_DAY?3264GPS____
            CODE    8633H     014BH     UNIT         ?PR?MODE10_SJ_R?3264GPS____
            CODE    877EH     014BH     UNIT         ?PR?MODE11_SJ_R?3264GPS____
            CODE    88C9H     013AH     UNIT         ?PR?LOADDATA_G?3264GPS____
            CODE    8A03H     0129H     UNIT         ?PR?MODE4567_RQ_G?3264GPS____
            CODE    8B2CH     010DH     UNIT         ?PR?MODE9_SJ_R?3264GPS____
            CODE    8C39H     0109H     UNIT         ?PR?LOADDATA_R?3264GPS____
            CODE    8D42H     00F8H     UNIT         ?PR?INT1?3264GPS____
            CODE    8E3AH     00EDH     UNIT         ?PR?SETSHI_R?3264GPS____
            CODE    8F27H     00EDH     UNIT         ?PR?SETFEN_R?3264GPS____
            CODE    9014H     00EDH     UNIT         ?PR?SETMIAO_R?3264GPS____
            CODE    9101H     00E5H     UNIT         ?PR?MODESLEEP_R?3264GPS____
            CODE    91E6H     00E1H     UNIT         ?PR?ERR3231?3264GPS____
            CODE    92C7H     00D0H     UNIT         ?PR?UART?3264GPS____
            CODE    9397H     00CDH     UNIT         ?PR?YAOKONG_R?3264GPS____
            CODE    9464H     00CAH     UNIT         ?PR?MODE8_NL_G?3264GPS____
            CODE    952EH     00B4H     UNIT         ?PR?GETTIME?3264GPS____
            CODE    95E2H     00B1H     UNIT         ?PR?MODE8_XQ_G?3264GPS____
            CODE    9693H     00A6H     UNIT         ?PR?GETALLTIME?3264GPS____
            CODE    9739H     00A4H     UNIT         ?PR?_SCAN?3264GPS____
            CODE    97DDH     00A2H     UNIT         ?PR?MODE8_RQ_G?3264GPS____
            CODE    987FH     009FH     UNIT         ?PR?SETYUE_R?3264GPS____
            CODE    991EH     009FH     UNIT         ?PR?SETRI_R?3264GPS____
            CODE    99BDH     009DH     UNIT         ?PR?NTCBUCHANG_R?3264GPS____
            CODE    9A5AH     0091H     UNIT         ?PR?SETLIANGDU_R?3264GPS____
            CODE    9AEBH     008CH     UNIT         ?C_C51STARTUP
            CODE    9B77H     008CH     UNIT         ?PR?IR_ICON?3264GPS____
            CODE    9C03H     0089H     UNIT         ?PR?SETLIANGDU_G?3264GPS____
            CODE    9C8CH     0088H     UNIT         ?PR?SENDDATE_RGB?3264GPS____
            CODE    9D14H     0084H     UNIT         ?PR?_GETWEEK?3264GPS____
            CODE    9D98H     0081H     UNIT         ?PR?MODE0123_RQ_R?3264GPS____
            CODE    9E19H     0072H     UNIT         ?PR?READ18B20?3264GPS____
            CODE    9E8BH     006FH     UNIT         ?PR?SETNIAN_R?3264GPS____
            CODE    9EFAH     0069H     UNIT         ?PR?SETMINLIANGDU_R?3264GPS____
            CODE    9F63H     0063H     UNIT         ?PR?_SETTIME?3264GPS____
            CODE    9FC6H     0061H     UNIT         ?PR?SETLIANGDUG_R?3264GPS____
            CODE    A027H     0060H     UNIT         ?PR?WRITE_CANSHI?3264GPS____
            CODE    A087H     0059H     UNIT         ?PR?MODE8_XQ_R?3264GPS____
            CODE    A0E0H     0056H     UNIT         ?C?LIB_CODE
            CODE    A136H     0053H     UNIT         ?PR?SENDDATA_G?3264GPS____
BL51 BANKED LINKER/LOCATER V6.22.2.0                                                  01/14/2022  09:01:27  PAGE 3


            CODE    A189H     0053H     UNIT         ?PR?SENDDATA_R?3264GPS____
            CODE    A1DCH     0040H     UNIT         ?PR?DS3231_INITIAL?3264GPS____
            CODE    A21CH     003FH     UNIT         ?PR?MODE0_SJ_G?3264GPS____
            CODE    A25BH     003EH     UNIT         ?PR?NTCBUCHANG_G?3264GPS____
            CODE    A299H     0037H     UNIT         ?PR?MODE2_SJ_G?3264GPS____
            CODE    A2D0H     0037H     UNIT         ?PR?MODE3_SJ_G?3264GPS____
            CODE    A307H     0036H     UNIT         ?PR?_SENDBYTE?3264GPS____
            CODE    A33DH     0034H     UNIT         ?PR?SETMINLIANGDU_G?3264GPS____
            CODE    A371H     0034H     UNIT         ?PR?SETLIANGDUG_G?3264GPS____
            CODE    A3A5H     0032H     UNIT         ?PR?_DS3231_WRITE_BYTE?3264GPS____
            CODE    A3D7H     0032H     UNIT         ?PR?WRITE_EEP?3264GPS____
            CODE    A409H     0032H     UNIT         ?PR?TIME1?3264GPS____
            CODE    A43BH     0030H     UNIT         ?PR?_READ_RANDOM?3264GPS____
            CODE    A46BH     002EH     UNIT         ?C_INITSEG
            CODE    A499H     0029H     UNIT         ?PR?SETYUE_G?3264GPS____
            CODE    A4C2H     0029H     UNIT         ?PR?SETRI_G?3264GPS____
            CODE    A4EBH     0025H     UNIT         ?PR?SHEZHI?3264GPS____
            CODE    A510H     0024H     UNIT         ?PR?READ_EEP?3264GPS____
            CODE    A534H     0022H     UNIT         ?PR?RCVBYTE?3264GPS____
            CODE    A556H     0022H     UNIT         ?PR?READ_BYTE?3264GPS____
            CODE    A578H     0021H     UNIT         ?PR?DS18B20_TEST?3264GPS____
            CODE    A599H     001EH     UNIT         ?PR?YAOKONG_G?3264GPS____
            CODE    A5B7H     001BH     UNIT         ?PR?_WRITE_BYTE?3264GPS____
            CODE    A5D2H     001AH     UNIT         ?PR?READ_CURRENT?3264GPS____
            CODE    A5ECH     0019H     UNIT         ?PR?SETNIAN_G?3264GPS____
            CODE    A605H     0019H     UNIT         ?PR?_BYTE_READ?3264GPS____
            CODE    A61EH     0018H     UNIT         ?PR?MODE6_SJ_G?3264GPS____
            CODE    A636H     0018H     UNIT         ?PR?MODE7_SJ_G?3264GPS____
            CODE    A64EH     0018H     UNIT         ?PR?MODE10_SJ_G?3264GPS____
            CODE    A666H     0018H     UNIT         ?PR?MODE11_SJ_G?3264GPS____
            CODE    A67EH     0017H     UNIT         ?PR?_BYTE_PROGRAM?3264GPS____
            CODE    A695H     0016H     UNIT         ?PR?XIANSHI?3264GPS____
            CODE    A6ABH     0014H     UNIT         ?PR?MODE4_SJ_G?3264GPS____
            CODE    A6BFH     0014H     UNIT         ?PR?MODE5_SJ_G?3264GPS____
            CODE    A6D3H     0014H     UNIT         ?PR?MODE8_SJ_G?3264GPS____
            CODE    A6E7H     0014H     UNIT         ?PR?MODE9_SJ_G?3264GPS____
            CODE    A6FBH     0013H     UNIT         ?PR?_DELAY18B20?3264GPS____
            CODE    A70EH     0013H     UNIT         ?PR?GONGGONGDAIMA?3264GPS____
            CODE    A721H     0013H     UNIT         ?PR?_SECTOR_ERASE?3264GPS____
            CODE    A734H     0012H     UNIT         ?PR?DS18B20_RST?3264GPS____
            CODE    A746H     0012H     UNIT         ?PR?_DELAY?3264GPS____
            CODE    A758H     0011H     UNIT         ?PR?_MODIFYTIME?3264GPS____
            CODE    A769H     0011H     UNIT         ?PR?SETSHI_G?3264GPS____
            CODE    A77AH     0011H     UNIT         ?PR?SETFEN_G?3264GPS____
            CODE    A78BH     0011H     UNIT         ?PR?SETMIAO_G?3264GPS____
            CODE    A79CH     0010H     UNIT         ?PR?UARTINIT?3264GPS____
            CODE    A7ACH     000FH     UNIT         ?PR?_DELAYUS?3264GPS____
            CODE    A7BBH     000EH     UNIT         ?PR?ACK_I2C?3264GPS____
            CODE    A7C9H     0009H     UNIT         ?PR?DELAY5US?3264GPS____
            CODE    A7D2H     0009H     UNIT         ?PR?IIC_START?3264GPS____
            CODE    A7DBH     0009H     UNIT         ?PR?IIC_STOP?3264GPS____



OVERLAY MAP OF MODULE:   3264GPS时钟-12 (?C_STARTUP)


BL51 BANKED LINKER/LOCATER V6.22.2.0                                                  01/14/2022  09:01:27  PAGE 4


SEGMENT                                       BIT_GROUP          DATA_GROUP          IDATA_GROUP         XDATA_GROUP
  +--> CALLED SEGMENT                      START    LENGTH     START    LENGTH     START    LENGTH     START    LENGTH
----------------------------------------------------------------------------------------------------------------------
?C_C51STARTUP                              -----    -----      -----    -----      -----    -----      -----    -----
  +--> ?PR?MAIN?3264GPS____
  +--> ?C_INITSEG

?PR?MAIN?3264GPS____                       -----    -----      -----    -----      007FH    0003H      -----    -----
  +--> ?PR?UARTINIT?3264GPS____
  +--> ?PR?DS18B20_TEST?3264GPS____
  +--> ?PR?_DELAY?3264GPS____
  +--> ?PR?READ18B20?3264GPS____
  +--> ?PR?DS3231_INITIAL?3264GPS____
  +--> ?PR?_READ_RANDOM?3264GPS____
  +--> ?PR?ERR3231?3264GPS____
  +--> ?PR?_BYTE_READ?3264GPS____
  +--> ?PR?WRITE_CANSHI?3264GPS____
  +--> ?PR?SHOWLOGO?3264GPS____
  +--> ?PR?READ_EEP?3264GPS____
  +--> ?PR?GETALLTIME?3264GPS____
  +--> ?PR?GETTIME?3264GPS____
  +--> ?PR?KEYSCAN?3264GPS____
  +--> ?PR?XIANSHI?3264GPS____

?PR?DS18B20_TEST?3264GPS____               -----    -----      -----    -----      -----    -----      -----    -----
  +--> ?PR?_DELAY18B20?3264GPS____

?PR?READ18B20?3264GPS____                  -----    -----      -----    -----      -----    -----      -----    -----
  +--> ?PR?DS18B20_RST?3264GPS____
  +--> ?PR?_WRITE_BYTE?3264GPS____
  +--> ?PR?READ_BYTE?3264GPS____
  +--> ?CO?3264GPS____

?PR?DS18B20_RST?3264GPS____                -----    -----      -----    -----      -----    -----      -----    -----
  +--> ?PR?_DELAY18B20?3264GPS____

?PR?_WRITE_BYTE?3264GPS____                -----    -----      -----    -----      -----    -----      -----    -----
  +--> ?PR?_DELAY18B20?3264GPS____

?PR?READ_BYTE?3264GPS____                  -----    -----      -----    -----      -----    -----      -----    -----
  +--> ?PR?_DELAY18B20?3264GPS____

?PR?DS3231_INITIAL?3264GPS____             -----    -----      -----    -----      -----    -----      -----    -----
  +--> ?PR?_DELAY?3264GPS____
  +--> ?PR?_READ_RANDOM?3264GPS____
  +--> ?PR?_DS3231_WRITE_BYTE?3264GPS____
  +--> ?PR?_MODIFYTIME?3264GPS____

?PR?_READ_RANDOM?3264GPS____               -----    -----      -----    -----      -----    -----      -----    -----
  +--> ?PR?IIC_START?3264GPS____
  +--> ?PR?_SENDBYTE?3264GPS____
  +--> ?PR?READ_CURRENT?3264GPS____

?PR?_SENDBYTE?3264GPS____                  -----    -----      -----    -----      -----    -----      -----    -----
  +--> ?PR?DELAY5US?3264GPS____

?PR?READ_CURRENT?3264GPS____               -----    -----      -----    -----      -----    -----      -----    -----
BL51 BANKED LINKER/LOCATER V6.22.2.0                                                  01/14/2022  09:01:27  PAGE 5


  +--> ?PR?IIC_START?3264GPS____
  +--> ?PR?_SENDBYTE?3264GPS____
  +--> ?PR?RCVBYTE?3264GPS____
  +--> ?PR?ACK_I2C?3264GPS____
  +--> ?PR?IIC_STOP?3264GPS____

?PR?RCVBYTE?3264GPS____                    -----    -----      -----    -----      -----    -----      -----    -----
  +--> ?PR?DELAY5US?3264GPS____

?PR?ACK_I2C?3264GPS____                    0022H.6  0000H.1    -----    -----      -----    -----      -----    -----
  +--> ?PR?DELAY5US?3264GPS____

?PR?_DS3231_WRITE_BYTE?3264GPS____         -----    -----      -----    -----      -----    -----      -----    -----
  +--> ?PR?IIC_START?3264GPS____
  +--> ?PR?_SENDBYTE?3264GPS____
  +--> ?PR?IIC_STOP?3264GPS____
  +--> ?PR?DELAY5US?3264GPS____

?PR?_MODIFYTIME?3264GPS____                -----    -----      -----    -----      -----    -----      -----    -----
  +--> ?PR?_DS3231_WRITE_BYTE?3264GPS____

?PR?ERR3231?3264GPS____                    -----    -----      -----    -----      -----    -----      -----    -----
  +--> ?CO?3264GPS____
  +--> ?PR?SENDDATA_G?3264GPS____
  +--> ?PR?SENDDATA_R?3264GPS____

?PR?SENDDATA_G?3264GPS____                 -----    -----      -----    -----      -----    -----      -----    -----
  +--> ?PR?_SCAN?3264GPS____

?PR?SENDDATA_R?3264GPS____                 -----    -----      -----    -----      -----    -----      -----    -----
  +--> ?PR?_SCAN?3264GPS____

?PR?_BYTE_READ?3264GPS____                 -----    -----      -----    -----      -----    -----      -----    -----
  +--> ?PR?GONGGONGDAIMA?3264GPS____

?PR?WRITE_CANSHI?3264GPS____               -----    -----      -----    -----      -----    -----      -----    -----
  +--> ?PR?_SECTOR_ERASE?3264GPS____
  +--> ?PR?_BYTE_PROGRAM?3264GPS____

?PR?_SECTOR_ERASE?3264GPS____              -----    -----      -----    -----      -----    -----      -----    -----
  +--> ?PR?GONGGONGDAIMA?3264GPS____

?PR?_BYTE_PROGRAM?3264GPS____              -----    -----      -----    -----      -----    -----      -----    -----
  +--> ?PR?GONGGONGDAIMA?3264GPS____

?PR?SHOWLOGO?3264GPS____                   -----    -----      -----    -----      -----    -----      0032H    0002H
  +--> ?CO?3264GPS____
  +--> ?PR?_SCAN?3264GPS____
  +--> ?PR?_DELAY?3264GPS____

?PR?GETALLTIME?3264GPS____                 -----    -----      -----    -----      -----    -----      -----    -----
  +--> ?PR?_READ_RANDOM?3264GPS____
  +--> ?PR?GETNL_RI?3264GPS____

?PR?GETNL_RI?3264GPS____                   -----    -----      -----    -----      0082H    000BH      -----    -----
  +--> ?CO?3264GPS____
  +--> ?PR?_GET_MOON_DAY?3264GPS____
BL51 BANKED LINKER/LOCATER V6.22.2.0                                                  01/14/2022  09:01:27  PAGE 6


  +--> ?PR?_GETWEEK?3264GPS____

?PR?_GET_MOON_DAY?3264GPS____              -----    -----      -----    -----      -----    -----      -----    -----
  +--> ?CO?3264GPS____

?PR?GETTIME?3264GPS____                    -----    -----      -----    -----      -----    -----      -----    -----
  +--> ?PR?_READ_RANDOM?3264GPS____
  +--> ?PR?GETNL_RI?3264GPS____

?PR?KEYSCAN?3264GPS____                    -----    -----      -----    -----      -----    -----      -----    -----
  +--> ?PR?XIANSHI?3264GPS____
  +--> ?PR?IR_ICON?3264GPS____
  +--> ?PR?GETALLTIME?3264GPS____
  +--> ?PR?_SETTIME?3264GPS____
  +--> ?PR?WRITE_CANSHI?3264GPS____

?PR?XIANSHI?3264GPS____                    -----    -----      -----    -----      -----    -----      -----    -----
  +--> ?PR?LOADDATA_R?3264GPS____
  +--> ?PR?LOADDATA_G?3264GPS____
  +--> ?PR?SENDDATE_RGB?3264GPS____

?PR?LOADDATA_R?3264GPS____                 -----    -----      -----    -----      -----    -----      -----    -----
  +--> ?PR?MODE0_SJ_RGB?3264GPS____
  +--> ?PR?MODE1_SJ_RGB?3264GPS____
  +--> ?PR?MODE0123_RQ_R?3264GPS____
  +--> ?PR?MODE2_SJ_R?3264GPS____
  +--> ?PR?MODE3_SJ_R?3264GPS____
  +--> ?PR?MODE4567_RQ_R?3264GPS____
  +--> ?PR?MODE4_SJ_R?3264GPS____
  +--> ?PR?MODE5_SJ_R?3264GPS____
  +--> ?PR?MODE6_SJ_R?3264GPS____
  +--> ?PR?MODE7_SJ_R?3264GPS____
  +--> ?PR?MODE8_SJ_R?3264GPS____
  +--> ?PR?MODE9_SJ_R?3264GPS____
  +--> ?PR?MODE10_SJ_R?3264GPS____
  +--> ?PR?MODE11_SJ_R?3264GPS____
  +--> ?PR?MODE8_XQ_R?3264GPS____
  +--> ?PR?MODESLEEP_R?3264GPS____
  +--> ?PR?SETNIAN_R?3264GPS____
  +--> ?PR?SETYUE_R?3264GPS____
  +--> ?PR?SETRI_R?3264GPS____
  +--> ?PR?SETSHI_R?3264GPS____
  +--> ?PR?SETFEN_R?3264GPS____
  +--> ?PR?SETMIAO_R?3264GPS____
  +--> ?PR?SETLIANGDU_R?3264GPS____
  +--> ?PR?SETMINLIANGDU_R?3264GPS____
  +--> ?PR?SETLIANGDUG_R?3264GPS____
  +--> ?PR?NTCBUCHANG_R?3264GPS____
  +--> ?PR?YAOKONG_R?3264GPS____
  +--> ?PR?XUEXI_R?3264GPS____

?PR?MODE0_SJ_RGB?3264GPS____               -----    -----      -----    -----      -----    -----      -----    -----
  +--> ?CO?3264GPS____

?PR?MODE1_SJ_RGB?3264GPS____               -----    -----      -----    -----      -----    -----      -----    -----
  +--> ?PR?MODE1_SJ_R?3264GPS____
  +--> ?PR?MODE1_SJ_G?3264GPS____
BL51 BANKED LINKER/LOCATER V6.22.2.0                                                  01/14/2022  09:01:27  PAGE 7


  +--> ?PR?MODE1_SJ_B?3264GPS____
  +--> ?CO?3264GPS____

?PR?MODE1_SJ_R?3264GPS____                 -----    -----      -----    -----      -----    -----      -----    -----
  +--> ?CO?3264GPS____

?PR?MODE1_SJ_G?3264GPS____                 -----    -----      -----    -----      -----    -----      -----    -----
  +--> ?CO?3264GPS____

?PR?MODE1_SJ_B?3264GPS____                 -----    -----      -----    -----      -----    -----      -----    -----
  +--> ?CO?3264GPS____

?PR?MODE0123_RQ_R?3264GPS____              -----    -----      -----    -----      -----    -----      0032H    0001H
  +--> ?CO?3264GPS____

?PR?MODE2_SJ_R?3264GPS____                 -----    -----      -----    -----      -----    -----      -----    -----
  +--> ?CO?3264GPS____

?PR?MODE3_SJ_R?3264GPS____                 -----    -----      -----    -----      -----    -----      -----    -----
  +--> ?CO?3264GPS____

?PR?MODE4567_RQ_R?3264GPS____              -----    -----      -----    -----      -----    -----      0032H    0001H
  +--> ?CO?3264GPS____

?PR?MODE4_SJ_R?3264GPS____                 -----    -----      -----    -----      -----    -----      -----    -----
  +--> ?CO?3264GPS____

?PR?MODE5_SJ_R?3264GPS____                 -----    -----      -----    -----      -----    -----      -----    -----
  +--> ?CO?3264GPS____

?PR?MODE6_SJ_R?3264GPS____                 -----    -----      -----    -----      -----    -----      -----    -----
  +--> ?CO?3264GPS____

?PR?MODE7_SJ_R?3264GPS____                 -----    -----      -----    -----      -----    -----      -----    -----
  +--> ?CO?3264GPS____

?PR?MODE8_SJ_R?3264GPS____                 -----    -----      -----    -----      -----    -----      -----    -----
  +--> ?CO?3264GPS____

?PR?MODE9_SJ_R?3264GPS____                 -----    -----      -----    -----      -----    -----      -----    -----
  +--> ?CO?3264GPS____

?PR?MODE10_SJ_R?3264GPS____                -----    -----      -----    -----      -----    -----      -----    -----
  +--> ?CO?3264GPS____

?PR?MODE11_SJ_R?3264GPS____                -----    -----      -----    -----      -----    -----      -----    -----
  +--> ?CO?3264GPS____

?PR?MODE8_XQ_R?3264GPS____                 -----    -----      -----    -----      -----    -----      -----    -----
  +--> ?CO?3264GPS____

?PR?MODESLEEP_R?3264GPS____                -----    -----      -----    -----      -----    -----      -----    -----
  +--> ?CO?3264GPS____

?PR?SETNIAN_R?3264GPS____                  -----    -----      -----    -----      -----    -----      -----    -----
  +--> ?CO?3264GPS____

BL51 BANKED LINKER/LOCATER V6.22.2.0                                                  01/14/2022  09:01:27  PAGE 8


?PR?SETYUE_R?3264GPS____                   -----    -----      -----    -----      -----    -----      -----    -----
  +--> ?CO?3264GPS____

?PR?SETRI_R?3264GPS____                    -----    -----      -----    -----      -----    -----      -----    -----
  +--> ?CO?3264GPS____

?PR?SETSHI_R?3264GPS____                   -----    -----      -----    -----      -----    -----      -----    -----
  +--> ?CO?3264GPS____

?PR?SETFEN_R?3264GPS____                   -----    -----      -----    -----      -----    -----      -----    -----
  +--> ?CO?3264GPS____

?PR?SETMIAO_R?3264GPS____                  -----    -----      -----    -----      -----    -----      -----    -----
  +--> ?CO?3264GPS____

?PR?SETLIANGDU_R?3264GPS____               -----    -----      -----    -----      -----    -----      -----    -----
  +--> ?CO?3264GPS____

?PR?SETMINLIANGDU_R?3264GPS____            -----    -----      -----    -----      -----    -----      -----    -----
  +--> ?CO?3264GPS____

?PR?SETLIANGDUG_R?3264GPS____              -----    -----      -----    -----      -----    -----      -----    -----
  +--> ?CO?3264GPS____

?PR?NTCBUCHANG_R?3264GPS____               -----    -----      -----    -----      -----    -----      -----    -----
  +--> ?CO?3264GPS____

?PR?YAOKONG_R?3264GPS____                  -----    -----      -----    -----      -----    -----      -----    -----
  +--> ?CO?3264GPS____

?PR?XUEXI_R?3264GPS____                    -----    -----      -----    -----      -----    -----      0032H    0003H
  +--> ?CO?3264GPS____

?PR?LOADDATA_G?3264GPS____                 -----    -----      -----    -----      -----    -----      -----    -----
  +--> ?PR?MODE0123_RQ_G?3264GPS____
  +--> ?PR?MODE0_SJ_G?3264GPS____
  +--> ?PR?MODE1_SJ_RGB?3264GPS____
  +--> ?PR?MODE2_SJ_G?3264GPS____
  +--> ?PR?MODE3_SJ_G?3264GPS____
  +--> ?PR?MODE4567_RQ_G?3264GPS____
  +--> ?PR?MODE4_SJ_G?3264GPS____
  +--> ?PR?MODE5_SJ_G?3264GPS____
  +--> ?PR?MODE6_SJ_G?3264GPS____
  +--> ?PR?MODE7_SJ_G?3264GPS____
  +--> ?PR?MODE8_SJ_G?3264GPS____
  +--> ?PR?MODE9_SJ_G?3264GPS____
  +--> ?PR?MODE10_SJ_G?3264GPS____
  +--> ?PR?MODE11_SJ_G?3264GPS____
  +--> ?PR?MODE8_RQ_G?3264GPS____
  +--> ?PR?MODE8_NL_G?3264GPS____
  +--> ?PR?MODE8_XQ_G?3264GPS____
  +--> ?PR?_DELAY?3264GPS____
  +--> ?PR?SETNIAN_G?3264GPS____
  +--> ?PR?SETYUE_G?3264GPS____
  +--> ?PR?SETRI_G?3264GPS____
  +--> ?PR?SETSHI_G?3264GPS____
  +--> ?PR?SETFEN_G?3264GPS____
BL51 BANKED LINKER/LOCATER V6.22.2.0                                                  01/14/2022  09:01:27  PAGE 9


  +--> ?PR?SETMIAO_G?3264GPS____
  +--> ?PR?SETLIANGDU_G?3264GPS____
  +--> ?PR?SETMINLIANGDU_G?3264GPS____
  +--> ?PR?SETLIANGDUG_G?3264GPS____
  +--> ?PR?NTCBUCHANG_G?3264GPS____
  +--> ?PR?YAOKONG_G?3264GPS____
  +--> ?PR?XUEXI_G?3264GPS____

?PR?MODE0123_RQ_G?3264GPS____              -----    -----      -----    -----      -----    -----      0032H    0001H
  +--> ?CO?3264GPS____

?PR?MODE0_SJ_G?3264GPS____                 -----    -----      0054H    0002H      -----    -----      -----    -----
  +--> ?CO?3264GPS____

?PR?MODE2_SJ_G?3264GPS____                 -----    -----      -----    -----      -----    -----      -----    -----
  +--> ?CO?3264GPS____
  +--> ?PR?_DELAYUS?3264GPS____

?PR?MODE3_SJ_G?3264GPS____                 -----    -----      -----    -----      -----    -----      -----    -----
  +--> ?CO?3264GPS____
  +--> ?PR?_DELAYUS?3264GPS____

?PR?MODE4567_RQ_G?3264GPS____              -----    -----      -----    -----      -----    -----      0032H    0001H
  +--> ?CO?3264GPS____

?PR?MODE4_SJ_G?3264GPS____                 -----    -----      -----    -----      -----    -----      -----    -----
  +--> ?CO?3264GPS____

?PR?MODE5_SJ_G?3264GPS____                 -----    -----      -----    -----      -----    -----      -----    -----
  +--> ?CO?3264GPS____

?PR?MODE6_SJ_G?3264GPS____                 -----    -----      -----    -----      -----    -----      -----    -----
  +--> ?CO?3264GPS____
  +--> ?PR?_DELAYUS?3264GPS____

?PR?MODE7_SJ_G?3264GPS____                 -----    -----      -----    -----      -----    -----      -----    -----
  +--> ?CO?3264GPS____
  +--> ?PR?_DELAYUS?3264GPS____

?PR?MODE8_SJ_G?3264GPS____                 -----    -----      -----    -----      -----    -----      -----    -----
  +--> ?CO?3264GPS____

?PR?MODE9_SJ_G?3264GPS____                 -----    -----      -----    -----      -----    -----      -----    -----
  +--> ?CO?3264GPS____

?PR?MODE10_SJ_G?3264GPS____                -----    -----      -----    -----      -----    -----      -----    -----
  +--> ?CO?3264GPS____
  +--> ?PR?_DELAYUS?3264GPS____

?PR?MODE11_SJ_G?3264GPS____                -----    -----      -----    -----      -----    -----      -----    -----
  +--> ?CO?3264GPS____
  +--> ?PR?_DELAYUS?3264GPS____

?PR?MODE8_RQ_G?3264GPS____                 -----    -----      -----    -----      -----    -----      -----    -----
  +--> ?CO?3264GPS____

?PR?MODE8_NL_G?3264GPS____                 -----    -----      -----    -----      -----    -----      -----    -----
BL51 BANKED LINKER/LOCATER V6.22.2.0                                                  01/14/2022  09:01:27  PAGE 10


  +--> ?CO?3264GPS____

?PR?MODE8_XQ_G?3264GPS____                 -----    -----      -----    -----      -----    -----      -----    -----
  +--> ?CO?3264GPS____

?PR?SETNIAN_G?3264GPS____                  -----    -----      -----    -----      -----    -----      -----    -----
  +--> ?PR?SHEZHI?3264GPS____
  +--> ?CO?3264GPS____

?PR?SHEZHI?3264GPS____                     -----    -----      -----    -----      -----    -----      -----    -----
  +--> ?CO?3264GPS____

?PR?SETYUE_G?3264GPS____                   -----    -----      -----    -----      -----    -----      -----    -----
  +--> ?PR?SHEZHI?3264GPS____
  +--> ?CO?3264GPS____

?PR?SETRI_G?3264GPS____                    -----    -----      -----    -----      -----    -----      -----    -----
  +--> ?PR?SHEZHI?3264GPS____
  +--> ?CO?3264GPS____

?PR?SETSHI_G?3264GPS____                   -----    -----      -----    -----      -----    -----      -----    -----
  +--> ?PR?SHEZHI?3264GPS____
  +--> ?CO?3264GPS____

?PR?SETFEN_G?3264GPS____                   -----    -----      -----    -----      -----    -----      -----    -----
  +--> ?PR?SHEZHI?3264GPS____
  +--> ?CO?3264GPS____

?PR?SETMIAO_G?3264GPS____                  -----    -----      -----    -----      -----    -----      -----    -----
  +--> ?PR?SHEZHI?3264GPS____
  +--> ?CO?3264GPS____

?PR?SETLIANGDU_G?3264GPS____               -----    -----      -----    -----      -----    -----      -----    -----
  +--> ?PR?SHEZHI?3264GPS____
  +--> ?CO?3264GPS____

?PR?SETMINLIANGDU_G?3264GPS____            -----    -----      -----    -----      -----    -----      -----    -----
  +--> ?PR?SHEZHI?3264GPS____
  +--> ?CO?3264GPS____

?PR?SETLIANGDUG_G?3264GPS____              -----    -----      -----    -----      -----    -----      -----    -----
  +--> ?PR?SHEZHI?3264GPS____
  +--> ?CO?3264GPS____

?PR?NTCBUCHANG_G?3264GPS____               -----    -----      -----    -----      -----    -----      -----    -----
  +--> ?CO?3264GPS____

?PR?YAOKONG_G?3264GPS____                  -----    -----      -----    -----      -----    -----      -----    -----
  +--> ?PR?SHEZHI?3264GPS____
  +--> ?CO?3264GPS____

?PR?XUEXI_G?3264GPS____                    -----    -----      -----    -----      -----    -----      0032H    0006H
  +--> ?CO?3264GPS____

?PR?SENDDATE_RGB?3264GPS____               -----    -----      -----    -----      -----    -----      -----    -----
  +--> ?PR?_SCAN?3264GPS____

BL51 BANKED LINKER/LOCATER V6.22.2.0                                                  01/14/2022  09:01:27  PAGE 11


?PR?IR_ICON?3264GPS____                    -----    -----      -----    -----      -----    -----      -----    -----
  +--> ?PR?WRITE_EEP?3264GPS____

?PR?_SETTIME?3264GPS____                   -----    -----      -----    -----      -----    -----      -----    -----
  +--> ?PR?_READ_RANDOM?3264GPS____
  +--> ?PR?_MODIFYTIME?3264GPS____
  +--> ?PR?GETALLTIME?3264GPS____

*** NEW ROOT ***************************************************

?PR?ADC?3264GPS____                        -----    -----      -----    -----      -----    -----      0038H    0002H
  +--> ?CO?3264GPS____

*** NEW ROOT ***************************************************

?PR?UART?3264GPS____                       -----    -----      0056H    0001H      -----    -----      -----    -----



SYMBOL TABLE OF MODULE:  3264GPS时钟-12 (?C_STARTUP)

  VALUE           TYPE          NAME
  ----------------------------------

  -------         MODULE        ?C_STARTUP
  C:9AEBH         SEGMENT       ?C_C51STARTUP
  I:008DH         SEGMENT       ?STACK
  C:0000H         PUBLIC        ?C_STARTUP
  D:00E0H         SYMBOL        ACC
  D:00F0H         SYMBOL        B
  D:0083H         SYMBOL        DPH
  D:0082H         SYMBOL        DPL
  N:0000H         SYMBOL        IBPSTACK
  N:0100H         SYMBOL        IBPSTACKTOP
  N:0080H         SYMBOL        IDATALEN
  C:9AEEH         SYMBOL        IDATALOOP
  N:0000H         SYMBOL        PBPSTACK
  N:0100H         SYMBOL        PBPSTACKTOP
  N:0000H         SYMBOL        PDATALEN
  N:0000H         SYMBOL        PDATASTART
  N:0000H         SYMBOL        PPAGE
  N:0000H         SYMBOL        PPAGEENABLE
  D:00A0H         SYMBOL        PPAGE_SFR
  D:0081H         SYMBOL        SP
  C:9AEBH         SYMBOL        STARTUP1
  N:0000H         SYMBOL        XBPSTACK
  N:0000H         SYMBOL        XBPSTACKTOP
  N:0000H         SYMBOL        XDATALEN
  N:0000H         SYMBOL        XDATASTART
  C:0000H         LINE#         126
  C:9AEBH         LINE#         133
  C:9AEDH         LINE#         134
  C:9AEEH         LINE#         135
  C:9AEFH         LINE#         136
  C:9AF1H         LINE#         185
  C:9AF4H         LINE#         196
  -------         ENDMOD        ?C_STARTUP
BL51 BANKED LINKER/LOCATER V6.22.2.0                                                  01/14/2022  09:01:27  PAGE 12



  -------         MODULE        3264GPS____
  C:0000H         SYMBOL        _ICE_DUMMY_
  D:0093H         PUBLIC        P0M1
  C:320AH         PUBLIC        settime
  D:0096H         PUBLIC        P2M0
  D:0091H         PUBLIC        P1M1
  D:0080H         PUBLIC        P0
  C:A734H         PUBLIC        DS18B20_RST
  I:005BH         PUBLIC        T_int
  D:00B2H         PUBLIC        P3M0
  D:0095H         PUBLIC        P2M1
  D:0090H         PUBLIC        P1
  D:00B4H         PUBLIC        P4M0
  D:00B1H         PUBLIC        P3M1
  D:00A0H         PUBLIC        P2
  B:0080H.6       PUBLIC        R1
  D:00B3H         PUBLIC        P4M1
  D:00B0H         PUBLIC        P3
  C:A599H         PUBLIC        Yaokong_G
  C:A44CH         PUBLIC        _read_random
  B:00C0H.4       PUBLIC        R2
  D:00C0H         PUBLIC        P4
  C:9D98H         PUBLIC        Mode0123_RQ_R
  D:00C8H         PUBLIC        P5
  C:8E3AH         PUBLIC        SetShi_R
  X:000DH         PUBLIC        yue1
  B:00A8H.7       PUBLIC        EA
  C:A5D2H         PUBLIC        read_current
  X:000EH         PUBLIC        yue2
  B:0020H.4       PUBLIC        K_ESC
  C:A3A5H         PUBLIC        _DS3231_write_byte
  C:8A03H         PUBLIC        Mode4567_RQ_G
  C:A499H         PUBLIC        SetYue_G
  B:0080H.0       PUBLIC        IA
  B:0080H.1       PUBLIC        IB
  B:0080H.2       PUBLIC        IC
  C:9E19H         PUBLIC        Read18B20
  C:3218H         PUBLIC        t_tab
  I:005CH         PUBLIC        XSMOD
  X:000FH         PUBLIC        ri1
  B:0080H.3       PUBLIC        ID
  C:A64EH         PUBLIC        Mode10_SJ_G
  X:0010H         PUBLIC        ri2
  B:00A0H.6       PUBLIC        CK
  B:00A8H.5       PUBLIC        EADC
  D:00A8H         PUBLIC        IE
  C:A666H         PUBLIC        Mode11_SJ_G
  C:9397H         PUBLIC        Yaokong_R
  C:A4F2H         PUBLIC        shezhi
  I:005DH         PUBLIC        Set_COLOR
  D:00C5H         PUBLIC        IAP_CMD
  C:A4C2H         PUBLIC        SetRi_G
  C:A1DCH         PUBLIC        DS3231_Initial
  B:00A0H.5       PUBLIC        OE
  D:00BDH         PUBLIC        ADC_RES
  C:81EAH         PUBLIC        Mode4567_RQ_R
BL51 BANKED LINKER/LOCATER V6.22.2.0                                                  01/14/2022  09:01:27  PAGE 13


  C:987FH         PUBLIC        SetYue_R
  B:0090H.7       PUBLIC        DQ
  B:0020H.5       PUBLIC        ADCL
  C:1D59H         PUBLIC        Num12
  B:0020H.6       PUBLIC        DW_OK
  C:1E69H         PUBLIC        Num13
  C:1B79H         PUBLIC        Num14
  B:0020H.7       PUBLIC        K_SET
  B:00A8H.4       PUBLIC        ES
  C:8633H         PUBLIC        Mode10_SJ_R
  C:1F39H         PUBLIC        Num16
  D:00B8H         PUBLIC        IP
  C:877EH         PUBLIC        Mode11_SJ_R
  C:0003H         PUBLIC        TIM0
  B:0098H.0       PUBLIC        RI
  C:991EH         PUBLIC        SetRi_R
  I:005EH         PUBLIC        IR_date
  B:00D0H.7       PUBLIC        CY
  B:0021H.0       PUBLIC        PM
  B:0021H.1       PUBLIC        ADCT
  X:0011H         PUBLIC        SJ
  C:92C7H         PUBLIC        Uart
  C:9C03H         PUBLIC        SetLiangdu_G
  B:00A0H.4       PUBLIC        LS
  D:00C3H         PUBLIC        IAP_ADDRH
  I:0065H         PUBLIC        Light_G
  C:2649H         PUBLIC        HZ
  C:A307H         PUBLIC        _SendByte
  I:0066H         PUBLIC        NTC_buchang
  X:0017H         PUBLIC        RQ
  X:001DH         PUBLIC        r1
  B:00B8H.4       PUBLIC        PS
  X:001EH         PUBLIC        r2
  D:00C4H         PUBLIC        IAP_ADDRL
  D:00D8H         PUBLIC        CCON
  X:001FH         PUBLIC        t1
  C:9B77H         PUBLIC        IR_ICON
  C:88C9H         PUBLIC        LoadData_G
  I:0067H         PUBLIC        IR_Key
  X:0020H         PUBLIC        t2
  C:805DH         PUBLIC        main
  I:006CH         PUBLIC        Light_L
  C:9739H         PUBLIC        _scan
  I:006DH         PUBLIC        COLORMODE
  C:9A5AH         PUBLIC        SetLiangdu_R
  X:0021H         PUBLIC        y1
  B:0021H.2       PUBLIC        RY
  X:0022H         PUBLIC        y2
  B:0021H.3       PUBLIC        SHAN
  I:006EH         PUBLIC        Light_R
  X:0023H         PUBLIC        week
  C:A7BBH         PUBLIC        Ack_I2C
  D:00BBH         PUBLIC        P4SW
  C:A136H         PUBLIC        SendData_G
  B:0021H.4       PUBLIC        ack
  C:9D14H         PUBLIC        _GetWeek
  C:8C39H         PUBLIC        LoadData_R
BL51 BANKED LINKER/LOCATER V6.22.2.0                                                  01/14/2022  09:01:27  PAGE 14


  C:30CFH         PUBLIC        year_code
  B:0021H.5       PUBLIC        xuexi_OK
  D:00BCH         PUBLIC        ADC_CONTR
  D:0099H         PUBLIC        SBUF
  D:0087H         PUBLIC        PCON
  C:75FAH         PUBLIC        KeyScan
  C:952EH         PUBLIC        GetTime
  I:006FH         PUBLIC        Colortime
  D:0098H         PUBLIC        SCON
  C:A79CH         PUBLIC        UartInit
  C:A556H         PUBLIC        read_byte
  I:0070H         PUBLIC        Li
  B:00A0H.1       PUBLIC        KeyAdd
  D:0089H         PUBLIC        TMOD
  D:0088H         PUBLIC        TCON
  C:9101H         PUBLIC        ModeSleep_R
  C:7A2EH         PUBLIC        ShowLogo
  D:0023H         PUBLIC        BD1
  D:002BH         PUBLIC        BD2
  B:00A0H.2       PUBLIC        KeyDec
  C:3029H         PUBLIC        temp
  C:A510H         PUBLIC        Read_EEP
  B:0021H.6       PUBLIC        WriteEpprom_S
  C:A189H         PUBLIC        SendData_R
  D:0033H         PUBLIC        GD1
  C:7E51H         PUBLIC        Xuexi_G
  D:003BH         PUBLIC        GD2
  C:9F63H         PUBLIC        _SetTime
  C:A6FBH         PUBLIC        _delay18b20
  D:008EH         PUBLIC        AUXR
  B:00C0H.1       PUBLIC        GPS_POW
  C:A534H         PUBLIC        RcvByte
  D:00C7H         PUBLIC        IAP_CONTR
  C:A33DH         PUBLIC        SetMinLiangdu_G
  C:A5B7H         PUBLIC        _write_byte
  C:A721H         PUBLIC        _Sector_Erase
  C:A7D2H         PUBLIC        IIC_Start
  D:0043H         PUBLIC        RD1
  B:00A0H.3       PUBLIC        KeyEsc
  C:7C40H         PUBLIC        ADC
  C:8369H         PUBLIC        Xuexi_R
  C:A578H         PUBLIC        DS18B20_TEST
  I:0071H         PUBLIC        Liangdu
  D:004BH         PUBLIC        RD2
  C:9C8CH         PUBLIC        SendDate_RGB
  C:A3D7H         PUBLIC        Write_EEP
  B:0021H.7       PUBLIC        RX_over
  B:00A8H.1       PUBLIC        ET0
  B:00A8H.3       PUBLIC        ET1
  D:008CH         PUBLIC        TH0
  D:008DH         PUBLIC        TH1
  C:9693H         PUBLIC        GetAllTime
  I:0072H         PUBLIC        Min_Liangdu
  B:0088H.2       PUBLIC        IT1
  B:00A8H.2       PUBLIC        EX1
  C:9EFAH         PUBLIC        SetMinLiangdu_R
  I:0073H         PUBLIC        NL_yue
BL51 BANKED LINKER/LOCATER V6.22.2.0                                                  01/14/2022  09:01:27  PAGE 15


  C:A7C9H         PUBLIC        Delay5US
  D:008AH         PUBLIC        TL0
  D:008BH         PUBLIC        TL1
  C:23A9H         PUBLIC        NL8
  C:A67EH         PUBLIC        _Byte_Program
  I:0074H         PUBLIC        NL_ri
  D:00C2H         PUBLIC        IAP_DATA
  B:0088H.4       PUBLIC        TR0
  B:0088H.6       PUBLIC        TR1
  C:6F20H         PUBLIC        Mode1_SJ_B
  B:00B0H.7       PUBLIC        SDA
  B:00A0H.0       PUBLIC        KeySet
  D:00C1H         PUBLIC        WDT_CONTR
  X:0024H         PUBLIC        nian1
  X:0025H         PUBLIC        miao1
  D:0053H         PUBLIC        row
  C:1C19H         PUBLIC        Num14B
  X:0026H         PUBLIC        nian2
  X:0027H         PUBLIC        miao2
  C:2E69H         PUBLIC        NLday
  C:A7B0H         PUBLIC        _Delayus
  C:A70EH         PUBLIC        gonggongdaima
  B:0022H.0       PUBLIC        fu
  C:2EE9H         PUBLIC        ZMlogo
  C:2099H         PUBLIC        Num16B
  C:A21CH         PUBLIC        Mode0_SJ_G
  D:009DH         PUBLIC        P1ASF
  C:6CA0H         PUBLIC        Mode1_SJ_G
  C:A78BH         PUBLIC        SetMiao_G
  C:A5ECH         PUBLIC        SetNian_G
  B:0022H.1       PUBLIC        SHAN2
  C:A299H         PUBLIC        Mode2_SJ_G
  C:A7DBH         PUBLIC        IIC_Stop
  C:A2D0H         PUBLIC        Mode3_SJ_G
  C:A6ABH         PUBLIC        Mode4_SJ_G
  I:0075H         PUBLIC        Set_S
  D:00BEH         PUBLIC        ADC_RESL
  C:9464H         PUBLIC        Mode8_NL_G
  C:A6BFH         PUBLIC        Mode5_SJ_G
  I:0076H         PUBLIC        T_dec
  C:A409H         PUBLIC        time1
  C:A61EH         PUBLIC        Mode6_SJ_G
  B:00B0H.6       PUBLIC        SCL
  C:A636H         PUBLIC        Mode7_SJ_G
  C:A6D3H         PUBLIC        Mode8_SJ_G
  C:A6E7H         PUBLIC        Mode9_SJ_G
  C:A371H         PUBLIC        SetLiangduG_G
  B:0022H.2       PUBLIC        NTC
  X:0028H         SYMBOL        TH3231
  C:2289H         PUBLIC        Num5
  C:6A20H         PUBLIC        Mode1_SJ_R
  C:A027H         PUBLIC        Write_canshi
  C:9014H         PUBLIC        SetMiao_R
  C:9E8BH         PUBLIC        SetNian_R
  C:64C2H         PUBLIC        Mode2_SJ_R
  C:30CBH         PUBLIC        banben
  C:2329H         PUBLIC        Num8
BL51 BANKED LINKER/LOCATER V6.22.2.0                                                  01/14/2022  09:01:27  PAGE 16


  C:97DDH         PUBLIC        Mode8_RQ_G
  C:6771H         PUBLIC        Mode3_SJ_R
  C:A25BH         PUBLIC        NTCbuchang_G
  C:3211H         PUBLIC        setdata
  C:21D9H         PUBLIC        Num9
  C:3231H         PUBLIC        Mode4_SJ_R
  X:002AH         PUBLIC        fen1
  C:5DD8H         PUBLIC        Mode5_SJ_R
  X:002BH         PUBLIC        fen2
  C:4C3AH         PUBLIC        Mode6_SJ_R
  C:5509H         PUBLIC        Mode7_SJ_R
  C:31FBH         PUBLIC        day_code1
  C:3F38H         PUBLIC        Mode8_SJ_R
  C:A77AH         PUBLIC        SetFen_G
  C:3204H         PUBLIC        day_code2
  I:0077H         PUBLIC        Liangdu_G
  B:0022H.3       PUBLIC        Zhi_12
  C:95E2H         PUBLIC        Mode8_XQ_G
  C:8B2CH         PUBLIC        Mode9_SJ_R
  C:9FC6H         PUBLIC        SetLiangduG_R
  C:002EH         PUBLIC        Mode0_SJ_RGB
  C:A746H         PUBLIC        _Delay
  B:00C0H.6       PUBLIC        POW_OK
  C:781BH         PUBLIC        Mode1_SJ_RGB
  B:00B0H.4       PUBLIC        IR_POW
  B:0080H.7       PUBLIC        B1
  D:00C6H         PUBLIC        IAP_TRIG
  B:00A0H.7       PUBLIC        B2
  C:91E6H         PUBLIC        Err3231
  C:A605H         PUBLIC        _Byte_Read
  X:002CH         PUBLIC        ADC_L
  B:0022H.4       PUBLIC        K_ADD
  C:99BDH         PUBLIC        NTCbuchang_R
  X:002EH         PUBLIC        shi1
  X:002FH         PUBLIC        shi2
  B:0022H.5       PUBLIC        K_DEC
  B:0080H.5       PUBLIC        G1
  C:23C9H         PUBLIC        Num16x32
  C:A695H         PUBLIC        xianshi
  C:71A0H         PUBLIC        GetNL_ri
  B:0080H.4       PUBLIC        G2
  C:1B29H         PUBLIC        maohao
  C:73D3H         PUBLIC        Mode0123_RQ_G
  C:8F27H         PUBLIC        SetFen_R
  C:A769H         PUBLIC        SetShi_G
  I:0078H         PUBLIC        GPRMC
  D:00D0H         PUBLIC        PSW
  C:A087H         PUBLIC        Mode8_XQ_R
  X:0030H         PUBLIC        ADC_T
  C:8D42H         PUBLIC        int1
  C:A758H         PUBLIC        _ModifyTime
  C:84E2H         PUBLIC        _get_moon_day
  D:0094H         PUBLIC        P0M0
  -------         PROC          _SCAN
  D:0007H         SYMBOL        Value
  C:9739H         LINE#         84
  C:9739H         LINE#         85
BL51 BANKED LINKER/LOCATER V6.22.2.0                                                  01/14/2022  09:01:27  PAGE 17


  C:9739H         LINE#         86
  C:9779H         LINE#         87
  C:9779H         LINE#         88
  C:9779H         LINE#         89
  C:977BH         LINE#         90
  C:977DH         LINE#         92
  C:977DH         LINE#         93
  C:9781H         LINE#         94
  C:9783H         LINE#         96
  C:9783H         LINE#         97
  C:9787H         LINE#         98
  C:9789H         LINE#         100
  C:9789H         LINE#         101
  C:9791H         LINE#         102
  C:9792H         LINE#         104
  C:9792H         LINE#         105
  C:9794H         LINE#         106
  C:9796H         LINE#         108
  C:9796H         LINE#         109
  C:979AH         LINE#         110
  C:979CH         LINE#         112
  C:979CH         LINE#         113
  C:97A0H         LINE#         114
  C:97A2H         LINE#         116
  C:97A2H         LINE#         117
  C:97AAH         LINE#         118
  C:97ABH         LINE#         120
  C:97ABH         LINE#         121
  C:97ADH         LINE#         122
  C:97AFH         LINE#         124
  C:97AFH         LINE#         125
  C:97B3H         LINE#         126
  C:97B5H         LINE#         128
  C:97B5H         LINE#         129
  C:97B9H         LINE#         130
  C:97BBH         LINE#         132
  C:97BBH         LINE#         133
  C:97C3H         LINE#         134
  C:97C4H         LINE#         136
  C:97C4H         LINE#         137
  C:97C6H         LINE#         138
  C:97C8H         LINE#         140
  C:97C8H         LINE#         141
  C:97CCH         LINE#         142
  C:97CEH         LINE#         144
  C:97CEH         LINE#         145
  C:97D2H         LINE#         146
  C:97D4H         LINE#         148
  C:97D4H         LINE#         149
  C:97DCH         LINE#         150
  C:97DCH         LINE#         152
  C:97DCH         LINE#         153
  C:97DCH         LINE#         154
  C:97DCH         LINE#         155
  -------         ENDPROC       _SCAN
  -------         PROC          L?1058
  -------         ENDPROC       L?1058
BL51 BANKED LINKER/LOCATER V6.22.2.0                                                  01/14/2022  09:01:27  PAGE 18


  -------         PROC          _GET_MOON_DAY
  D:0007H         SYMBOL        month_p
  D:0004H         SYMBOL        table_addr
  -------         DO            
  D:0006H         SYMBOL        rtn
  -------         ENDDO         
  C:84E2H         LINE#         111
  C:84E2H         LINE#         112
  C:84E2H         LINE#         113
  C:84E4H         LINE#         114
  C:8523H         LINE#         115
  C:8523H         LINE#         116
  C:8523H         LINE#         117
  C:8537H         LINE#         118
  C:853AH         LINE#         119
  C:853AH         LINE#         120
  C:854EH         LINE#         121
  C:8551H         LINE#         122
  C:8551H         LINE#         123
  C:8565H         LINE#         124
  C:8568H         LINE#         125
  C:8568H         LINE#         126
  C:857CH         LINE#         127
  C:857FH         LINE#         128
  C:857FH         LINE#         129
  C:8593H         LINE#         130
  C:8596H         LINE#         131
  C:8596H         LINE#         132
  C:85AAH         LINE#         133
  C:85ADH         LINE#         134
  C:85ADH         LINE#         135
  C:85BEH         LINE#         136
  C:85C0H         LINE#         137
  C:85C0H         LINE#         138
  C:85D1H         LINE#         139
  C:85D3H         LINE#         140
  C:85D3H         LINE#         141
  C:85E4H         LINE#         142
  C:85E6H         LINE#         143
  C:85E6H         LINE#         144
  C:85F7H         LINE#         145
  C:85F9H         LINE#         146
  C:85F9H         LINE#         147
  C:860AH         LINE#         148
  C:860CH         LINE#         149
  C:860CH         LINE#         150
  C:861DH         LINE#         151
  C:861FH         LINE#         152
  C:861FH         LINE#         153
  C:8630H         LINE#         154
  C:8630H         LINE#         155
  C:8630H         LINE#         156
  C:8630H         LINE#         157
  C:8630H         LINE#         158
  C:8632H         LINE#         159
  -------         ENDPROC       _GET_MOON_DAY
  -------         PROC          _GETWEEK
BL51 BANKED LINKER/LOCATER V6.22.2.0                                                  01/14/2022  09:01:27  PAGE 19


  D:0007H         SYMBOL        year
  D:0005H         SYMBOL        month
  D:0003H         SYMBOL        day
  -------         DO            
  D:0006H         SYMBOL        i
  -------         ENDDO         
  C:9D14H         LINE#         161
  C:9D14H         LINE#         163
  C:9D14H         LINE#         165
  C:9D1AH         LINE#         167
  C:9D21H         LINE#         168
  C:9D21H         LINE#         169
  C:9D29H         LINE#         170
  C:9D2FH         LINE#         172
  C:9D32H         LINE#         174
  C:9D3DH         LINE#         175
  C:9D40H         LINE#         177
  C:9D47H         LINE#         178
  C:9D47H         LINE#         179
  C:9D5AH         LINE#         180
  C:9D63H         LINE#         181
  C:9D67H         LINE#         182
  C:9D67H         LINE#         183
  C:9D6CH         LINE#         184
  C:9D72H         LINE#         185
  C:9D74H         LINE#         187
  C:9D7BH         LINE#         189
  C:9D86H         LINE#         190
  C:9D89H         LINE#         191
  C:9D8FH         LINE#         192
  C:9D97H         LINE#         193
  -------         ENDPROC       _GETWEEK
  -------         PROC          GETNL_RI
  -------         DO            
  D:0003H         SYMBOL        mnum
  I:0082H         SYMBOL        year
  I:0083H         SYMBOL        month
  I:0084H         SYMBOL        date
  I:0085H         SYMBOL        mm
  I:0086H         SYMBOL        dd
  I:0087H         SYMBOL        ldays
  I:0088H         SYMBOL        RunYue
  I:0089H         SYMBOL        days
  I:008BH         SYMBOL        addr
  -------         ENDDO         
  C:71A0H         LINE#         198
  C:71A0H         LINE#         199
  C:71A0H         LINE#         200
  C:71A2H         LINE#         206
  C:71B3H         LINE#         207
  C:71C1H         LINE#         208
  C:71CDH         LINE#         209
  C:71DAH         LINE#         210
  C:71F5H         LINE#         211
  C:71FAH         LINE#         213
  C:71FDH         LINE#         214
  C:7201H         LINE#         216
BL51 BANKED LINKER/LOCATER V6.22.2.0                                                  01/14/2022  09:01:27  PAGE 20


  C:7209H         LINE#         224
  C:7212H         LINE#         225
  C:7222H         LINE#         227
  C:7247H         LINE#         228
  C:7255H         LINE#         229
  C:725DH         LINE#         231
  C:726DH         LINE#         232
  C:726DH         LINE#         233
  C:7276H         LINE#         235
  C:728FH         LINE#         236
  C:7291H         LINE#         237
  C:7293H         LINE#         238
  C:729FH         LINE#         239
  C:729FH         LINE#         240
  C:72A6H         LINE#         241
  C:72B1H         LINE#         242
  C:72B1H         LINE#         244
  C:72BFH         LINE#         245
  C:72C4H         LINE#         246
  C:72CBH         LINE#         247
  C:72CDH         LINE#         249
  C:72CDH         LINE#         250
  C:72D8H         LINE#         251
  C:72E4H         LINE#         252
  C:72FDH         LINE#         253
  C:72FFH         LINE#         254
  C:7301H         LINE#         255
  C:7310H         LINE#         256
  C:7310H         LINE#         257
  C:7317H         LINE#         258
  C:7325H         LINE#         259
  C:7325H         LINE#         261
  C:7333H         LINE#         262
  C:7338H         LINE#         263
  C:7343H         LINE#         264
  C:7343H         LINE#         266
  C:7352H         LINE#         267
  C:7356H         LINE#         269
  C:7358H         LINE#         271
  C:7365H         LINE#         272
  C:7366H         LINE#         273
  C:736CH         LINE#         274
  C:736EH         LINE#         278
  C:7376H         LINE#         279
  C:7381H         LINE#         280
  C:738AH         LINE#         282
  C:7390H         LINE#         283
  C:7390H         LINE#         284
  C:7396H         LINE#         286
  C:7399H         LINE#         287
  C:739BH         LINE#         288
  C:739DH         LINE#         290
  C:739DH         LINE#         291
  C:73A4H         LINE#         292
  C:73AAH         LINE#         293
  C:73AAH         LINE#         296
  C:73B0H         LINE#         297
BL51 BANKED LINKER/LOCATER V6.22.2.0                                                  01/14/2022  09:01:27  PAGE 21


  C:73B0H         LINE#         298
  C:73B3H         LINE#         299
  C:73BAH         LINE#         300
  C:73BCH         LINE#         301
  C:73BCH         LINE#         304
  C:73C9H         LINE#         305
  C:73CFH         LINE#         306
  C:73D2H         LINE#         307
  -------         ENDPROC       GETNL_RI
  -------         PROC          DELAY5US
  C:A7C9H         LINE#         48
  C:A7C9H         LINE#         49
  C:A7C9H         LINE#         50
  C:A7CAH         LINE#         51
  C:A7CBH         LINE#         52
  C:A7CCH         LINE#         53
  C:A7CDH         LINE#         54
  C:A7CEH         LINE#         55
  C:A7CFH         LINE#         56
  C:A7D0H         LINE#         57
  C:A7D1H         LINE#         58
  -------         ENDPROC       DELAY5US
  -------         PROC          IIC_START
  C:A7D2H         LINE#         63
  C:A7D2H         LINE#         64
  C:A7D2H         LINE#         65
  C:A7D4H         LINE#         66
  C:A7D6H         LINE#         67
  C:A7D8H         LINE#         68
  C:A7DAH         LINE#         69
  -------         ENDPROC       IIC_START
  -------         PROC          IIC_STOP
  C:A7DBH         LINE#         74
  C:A7DBH         LINE#         75
  C:A7DBH         LINE#         76
  C:A7DDH         LINE#         77
  C:A7DFH         LINE#         78
  C:A7E1H         LINE#         79
  C:A7E3H         LINE#         80
  -------         ENDPROC       IIC_STOP
  -------         PROC          _SENDBYTE
  D:0007H         SYMBOL        c
  -------         DO            
  D:0006H         SYMBOL        BitCnt
  -------         ENDDO         
  C:A307H         LINE#         99
  C:A307H         LINE#         100
  C:A307H         LINE#         103
  C:A309H         LINE#         104
  C:A309H         LINE#         105
  C:A316H         LINE#         106
  C:A31AH         LINE#         108
  C:A31CH         LINE#         109
  C:A31EH         LINE#         110
  C:A321H         LINE#         111
  C:A323H         LINE#         112
  C:A328H         LINE#         113
BL51 BANKED LINKER/LOCATER V6.22.2.0                                                  01/14/2022  09:01:27  PAGE 22


  C:A32AH         LINE#         114
  C:A32CH         LINE#         115
  C:A32FH         LINE#         116
  C:A332H         LINE#         117
  C:A336H         LINE#         119
  C:A338H         LINE#         120
  C:A33AH         LINE#         121
  -------         ENDPROC       _SENDBYTE
  -------         PROC          RCVBYTE
  -------         DO            
  D:0007H         SYMBOL        retc
  D:0006H         SYMBOL        BitCnt
  -------         ENDDO         
  C:A534H         LINE#         124
  C:A534H         LINE#         125
  C:A534H         LINE#         129
  C:A536H         LINE#         130
  C:A538H         LINE#         131
  C:A539H         LINE#         132
  C:A539H         LINE#         133
  C:A53BH         LINE#         134
  C:A53EH         LINE#         135
  C:A540H         LINE#         136
  C:A543H         LINE#         137
  C:A547H         LINE#         138
  C:A54AH         LINE#         139
  C:A54BH         LINE#         140
  C:A54EH         LINE#         141
  C:A553H         LINE#         142
  C:A555H         LINE#         143
  C:A555H         LINE#         144
  -------         ENDPROC       RCVBYTE
  -------         PROC          ACK_I2C
  B:0022H.6       SYMBOL        a
  C:A7BBH         LINE#         146
  C:A7BBH         LINE#         147
  C:A7BBH         LINE#         148
  C:A7BFH         LINE#         149
  C:A7C1H         LINE#         150
  C:A7C4H         LINE#         151
  C:A7C6H         LINE#         152
  -------         ENDPROC       ACK_I2C
  -------         PROC          _DS3231_WRITE_BYTE
  D:0004H         SYMBOL        addr
  D:0005H         SYMBOL        write_data
  C:A3A5H         LINE#         155
  C:A3A7H         LINE#         156
  C:A3A7H         LINE#         157
  C:A3AAH         LINE#         158
  C:A3AFH         LINE#         159
  C:A3B2H         LINE#         160
  C:A3B5H         LINE#         162
  C:A3BAH         LINE#         163
  C:A3BDH         LINE#         164
  C:A3C0H         LINE#         166
  C:A3C5H         LINE#         167
  C:A3C8H         LINE#         168
BL51 BANKED LINKER/LOCATER V6.22.2.0                                                  01/14/2022  09:01:27  PAGE 23


  C:A3CBH         LINE#         170
  C:A3CEH         LINE#         171
  C:A3D1H         LINE#         172
  C:A3D4H         LINE#         173
  C:A3D6H         LINE#         174
  -------         ENDPROC       _DS3231_WRITE_BYTE
  -------         PROC          READ_CURRENT
  -------         DO            
  D:0007H         SYMBOL        read_data
  -------         ENDDO         
  C:A5D2H         LINE#         176
  C:A5D2H         LINE#         177
  C:A5D2H         LINE#         179
  C:A5D5H         LINE#         180
  C:A5DAH         LINE#         181
  C:A5DDH         LINE#         182
  C:A5E0H         LINE#         183
  C:A5E3H         LINE#         184
  C:A5E8H         LINE#         185
  C:A5EBH         LINE#         186
  C:A5EBH         LINE#         187
  -------         ENDPROC       READ_CURRENT
  -------         PROC          L?1055
  -------         ENDPROC       L?1055
  -------         PROC          _READ_RANDOM
  D:0005H         SYMBOL        random_addr
  -------         DO            
  D:0007H         SYMBOL        Tmp
  -------         ENDDO         
  C:A44CH         LINE#         189
  C:A44EH         LINE#         190
  C:A44EH         LINE#         192
  C:A451H         LINE#         193
  C:A456H         LINE#         194
  C:A459H         LINE#         195
  C:A45CH         LINE#         196
  C:A461H         LINE#         197
  C:A464H         LINE#         198
  C:A467H         LINE#         199
  C:A46AH         LINE#         203
  C:A46AH         LINE#         205
  -------         ENDPROC       _READ_RANDOM
  -------         PROC          _MODIFYTIME
  D:0007H         SYMBOL        address
  D:0005H         SYMBOL        num
  -------         DO            
  D:0006H         SYMBOL        temp
  -------         ENDDO         
  C:A758H         LINE#         207
  C:A758H         LINE#         208
  C:A758H         LINE#         209
  C:A758H         LINE#         210
  C:A763H         LINE#         212
  C:A765H         LINE#         213
  C:A768H         LINE#         214
  -------         ENDPROC       _MODIFYTIME
  -------         PROC          DS3231_INITIAL
BL51 BANKED LINKER/LOCATER V6.22.2.0                                                  01/14/2022  09:01:27  PAGE 24


  C:A1DCH         LINE#         280
  C:A1DCH         LINE#         281
  C:A1E1H         LINE#         282
  C:A1EBH         LINE#         283
  C:A1EBH         LINE#         284
  C:A1F2H         LINE#         285
  C:A1F8H         LINE#         286
  C:A1FFH         LINE#         287
  C:A206H         LINE#         288
  C:A20DH         LINE#         289
  C:A214H         LINE#         290
  C:A21BH         LINE#         292
  C:A21BH         LINE#         294
  -------         ENDPROC       DS3231_INITIAL
  -------         PROC          GETALLTIME
  -------         DO            
  D:0004H         SYMBOL        temp
  -------         ENDDO         
  C:9693H         LINE#         298
  C:9693H         LINE#         299
  C:9693H         LINE#         302
  C:969AH         LINE#         303
  C:96A2H         LINE#         304
  C:96A9H         LINE#         306
  C:96B0H         LINE#         307
  C:96B8H         LINE#         308
  C:96BDH         LINE#         310
  C:96C4H         LINE#         311
  C:96C7H         LINE#         312
  C:96C7H         LINE#         313
  C:96D5H         LINE#         314
  C:96DAH         LINE#         315
  C:96DAH         LINE#         316
  C:96DCH         LINE#         317
  C:96E0H         LINE#         318
  C:96E2H         LINE#         320
  C:96E4H         LINE#         321
  C:96EDH         LINE#         322
  C:96F6H         LINE#         325
  C:96F8H         LINE#         327
  C:96F8H         LINE#         328
  C:96FAH         LINE#         329
  C:9704H         LINE#         330
  C:9709H         LINE#         331
  C:9709H         LINE#         333
  C:970EH         LINE#         334
  C:970EH         LINE#         335
  C:970EH         LINE#         337
  C:9713H         LINE#         338
  C:971BH         LINE#         339
  C:9720H         LINE#         341
  C:9727H         LINE#         342
  C:972FH         LINE#         343
  C:9736H         LINE#         345
  -------         ENDPROC       GETALLTIME
  -------         PROC          GETTIME
  -------         DO            
BL51 BANKED LINKER/LOCATER V6.22.2.0                                                  01/14/2022  09:01:27  PAGE 25


  D:0004H         SYMBOL        temp
  -------         ENDDO         
  C:952EH         LINE#         348
  C:952EH         LINE#         349
  C:952EH         LINE#         352
  C:9535H         LINE#         353
  C:953DH         LINE#         354
  C:9544H         LINE#         356
  C:954AH         LINE#         357
  C:954AH         LINE#         358
  C:9551H         LINE#         359
  C:9559H         LINE#         360
  C:955EH         LINE#         362
  C:9564H         LINE#         363
  C:9564H         LINE#         364
  C:956BH         LINE#         365
  C:956EH         LINE#         366
  C:956EH         LINE#         367
  C:957CH         LINE#         368
  C:9581H         LINE#         369
  C:9581H         LINE#         370
  C:9583H         LINE#         371
  C:9587H         LINE#         372
  C:9589H         LINE#         374
  C:958BH         LINE#         375
  C:9594H         LINE#         376
  C:959DH         LINE#         379
  C:959FH         LINE#         381
  C:959FH         LINE#         382
  C:95A7H         LINE#         383
  C:95ACH         LINE#         384
  C:95ACH         LINE#         385
  C:95AFH         LINE#         386
  C:95AFH         LINE#         387
  C:95B4H         LINE#         388
  C:95B4H         LINE#         389
  C:95B4H         LINE#         391
  C:95B9H         LINE#         392
  C:95C1H         LINE#         393
  C:95C6H         LINE#         395
  C:95CDH         LINE#         396
  C:95D5H         LINE#         397
  C:95DCH         LINE#         399
  C:95DFH         LINE#         400
  C:95E1H         LINE#         401
  C:95E1H         LINE#         402
  C:95E1H         LINE#         403
  C:95E1H         LINE#         404
  -------         ENDPROC       GETTIME
  -------         PROC          _DELAY18B20
  D:0006H         SYMBOL        x
  -------         DO            
  D:0005H         SYMBOL        i
  -------         ENDDO         
  C:A6FBH         LINE#         10
  C:A6FBH         LINE#         11
  C:A6FBH         LINE#         13
BL51 BANKED LINKER/LOCATER V6.22.2.0                                                  01/14/2022  09:01:27  PAGE 26


  C:A705H         LINE#         14
  C:A705H         LINE#         15
  C:A707H         LINE#         16
  C:A70DH         LINE#         17
  C:A70DH         LINE#         18
  -------         ENDPROC       _DELAY18B20
  -------         PROC          DS18B20_TEST
  -------         DO            
  D:0004H         SYMBOL        presence
  -------         ENDDO         
  C:A578H         LINE#         21
  C:A578H         LINE#         22
  C:A578H         LINE#         24
  C:A57AH         LINE#         25
  C:A581H         LINE#         26
  C:A583H         LINE#         28
  C:A58AH         LINE#         30
  C:A58FH         LINE#         31
  C:A596H         LINE#         32
  C:A598H         LINE#         33
  -------         ENDPROC       DS18B20_TEST
  -------         PROC          DS18B20_RST
  C:A734H         LINE#         34
  C:A734H         LINE#         35
  C:A734H         LINE#         37
  C:A736H         LINE#         38
  C:A73DH         LINE#         39
  C:A73FH         LINE#         41
  -------         ENDPROC       DS18B20_RST
  -------         PROC          READ_BYTE
  -------         DO            
  D:0003H         SYMBOL        i
  D:0004H         SYMBOL        value
  -------         ENDDO         
  C:A556H         LINE#         49
  C:A556H         LINE#         50
  C:A556H         LINE#         52
  C:A558H         LINE#         53
  C:A55AH         LINE#         54
  C:A55AH         LINE#         56
  C:A55CH         LINE#         57
  C:A560H         LINE#         58
  C:A562H         LINE#         59
  C:A566H         LINE#         61
  C:A569H         LINE#         62
  C:A56CH         LINE#         63
  C:A573H         LINE#         64
  C:A575H         LINE#         65
  C:A577H         LINE#         66
  -------         ENDPROC       READ_BYTE
  -------         PROC          _WRITE_BYTE
  D:0001H         SYMBOL        val
  -------         DO            
  D:0003H         SYMBOL        i
  -------         ENDDO         
  C:A5B7H         LINE#         70
  C:A5B9H         LINE#         71
BL51 BANKED LINKER/LOCATER V6.22.2.0                                                  01/14/2022  09:01:27  PAGE 27


  C:A5B9H         LINE#         73
  C:A5BBH         LINE#         74
  C:A5BBH         LINE#         75
  C:A5BDH         LINE#         76
  C:A5C1H         LINE#         77
  C:A5C8H         LINE#         78
  C:A5CAH         LINE#         79
  C:A5CFH         LINE#         80
  C:A5D1H         LINE#         82
  -------         ENDPROC       _WRITE_BYTE
  -------         PROC          READ18B20
  -------         DO            
  D:0007H         SYMBOL        data_H
  D:0001H         SYMBOL        data_L
  -------         ENDDO         
  C:9E19H         LINE#         96
  C:9E19H         LINE#         97
  C:9E19H         LINE#         101
  C:9E1CH         LINE#         102
  C:9E21H         LINE#         103
  C:9E26H         LINE#         104
  C:9E29H         LINE#         105
  C:9E2EH         LINE#         106
  C:9E33H         LINE#         110
  C:9E38H         LINE#         111
  C:9E3BH         LINE#         118
  C:9E41H         LINE#         119
  C:9E43H         LINE#         120
  C:9E47H         LINE#         121
  C:9E4BH         LINE#         123
  C:9E5AH         LINE#         125
  C:9E5CH         LINE#         127
  C:9E5EH         LINE#         129
  C:9E6BH         LINE#         131
  C:9E75H         LINE#         132
  C:9E75H         LINE#         133
  C:9E81H         LINE#         134
  C:9E8AH         LINE#         135
  -------         ENDPROC       READ18B20
  C:A4EBH         SYMBOL        L?1054
  -------         PROC          L?1053
  -------         ENDPROC       L?1053
  C:A4EBH         SYMBOL        L?1054
  -------         PROC          SHEZHI
  -------         DO            
  D:0006H         SYMBOL        row1
  D:0007H         SYMBOL        row2
  -------         ENDDO         
  C:A4F2H         LINE#         10
  C:A4F2H         LINE#         11
  C:A4F2H         LINE#         14
  C:A4F7H         LINE#         15
  C:A4F9H         LINE#         17
  C:A500H         LINE#         18
  C:A504H         LINE#         19
  C:A50BH         LINE#         20
  C:A50FH         LINE#         21
BL51 BANKED LINKER/LOCATER V6.22.2.0                                                  01/14/2022  09:01:27  PAGE 28


  -------         ENDPROC       SHEZHI
  -------         PROC          SETNIAN_G
  -------         DO            
  D:0005H         SYMBOL        row1
  D:0004H         SYMBOL        row2
  -------         ENDDO         
  C:A5ECH         LINE#         22
  C:A5ECH         LINE#         23
  C:A5ECH         LINE#         26
  C:A5ECH         LINE#         27
  C:A5ECH         LINE#         29
  C:A5EFH         LINE#         30
  C:A5F2H         LINE#         31
  C:A5FBH         LINE#         32
  C:A601H         LINE#         33
  C:A604H         LINE#         40
  -------         ENDPROC       SETNIAN_G
  -------         PROC          SETNIAN_R
  -------         DO            
  D:0006H         SYMBOL        row1
  D:0007H         SYMBOL        row2
  -------         ENDDO         
  C:9E8BH         LINE#         42
  C:9E8BH         LINE#         43
  C:9E8BH         LINE#         46
  C:9E90H         LINE#         47
  C:9E92H         LINE#         49
  C:9E9AH         LINE#         50
  C:9E9FH         LINE#         52
  C:9EA7H         LINE#         53
  C:9EAFH         LINE#         54
  C:9ECEH         LINE#         55
  C:9EEDH         LINE#         56
  C:9EEFH         LINE#         57
  C:9EF1H         LINE#         59
  C:9EF4H         LINE#         60
  C:9EF9H         LINE#         61
  -------         ENDPROC       SETNIAN_R
  -------         PROC          SETYUE_G
  -------         DO            
  D:0005H         SYMBOL        row1
  D:0004H         SYMBOL        row2
  -------         ENDDO         
  C:A499H         LINE#         64
  C:A499H         LINE#         65
  C:A499H         LINE#         68
  C:A499H         LINE#         69
  C:A499H         LINE#         71
  C:A49CH         LINE#         73
  C:A4A3H         LINE#         74
  C:A4A7H         LINE#         76
  C:A4AEH         LINE#         77
  C:A4B2H         LINE#         79
  C:A4BBH         LINE#         80
  C:A4C1H         LINE#         84
  -------         ENDPROC       SETYUE_G
  -------         PROC          SETYUE_R
BL51 BANKED LINKER/LOCATER V6.22.2.0                                                  01/14/2022  09:01:27  PAGE 29


  -------         DO            
  D:0006H         SYMBOL        row1
  D:0007H         SYMBOL        row2
  -------         ENDDO         
  C:987FH         LINE#         87
  C:987FH         LINE#         88
  C:987FH         LINE#         90
  C:9884H         LINE#         91
  C:9886H         LINE#         93
  C:988DH         LINE#         94
  C:9891H         LINE#         97
  C:989CH         LINE#         99
  C:98B8H         LINE#         101
  C:98D7H         LINE#         104
  C:98F6H         LINE#         105
  C:9915H         LINE#         107
  C:9918H         LINE#         108
  C:991DH         LINE#         109
  -------         ENDPROC       SETYUE_R
  -------         PROC          SETRI_G
  -------         DO            
  D:0005H         SYMBOL        row1
  D:0004H         SYMBOL        row2
  -------         ENDDO         
  C:A4C2H         LINE#         113
  C:A4C2H         LINE#         114
  C:A4C2H         LINE#         116
  C:A4C2H         LINE#         117
  C:A4C2H         LINE#         119
  C:A4C5H         LINE#         121
  C:A4CCH         LINE#         122
  C:A4D0H         LINE#         124
  C:A4D7H         LINE#         125
  C:A4DBH         LINE#         127
  C:A4E4H         LINE#         128
  C:A4EAH         LINE#         143
  -------         ENDPROC       SETRI_G
  -------         PROC          SETRI_R
  -------         DO            
  D:0006H         SYMBOL        row1
  D:0007H         SYMBOL        row2
  -------         ENDDO         
  C:991EH         LINE#         146
  C:991EH         LINE#         147
  C:991EH         LINE#         149
  C:9923H         LINE#         150
  C:9925H         LINE#         152
  C:992CH         LINE#         153
  C:9930H         LINE#         156
  C:993BH         LINE#         158
  C:9957H         LINE#         160
  C:9976H         LINE#         163
  C:9995H         LINE#         164
  C:99B4H         LINE#         166
  C:99B7H         LINE#         167
  C:99BCH         LINE#         168
  -------         ENDPROC       SETRI_R
BL51 BANKED LINKER/LOCATER V6.22.2.0                                                  01/14/2022  09:01:27  PAGE 30


  -------         PROC          SETSHI_G
  -------         DO            
  D:0005H         SYMBOL        row1
  D:0004H         SYMBOL        row2
  -------         ENDDO         
  C:A769H         LINE#         171
  C:A769H         LINE#         172
  C:A769H         LINE#         174
  C:A769H         LINE#         175
  C:A769H         LINE#         177
  C:A76CH         LINE#         179
  C:A773H         LINE#         180
  C:A779H         LINE#         200
  -------         ENDPROC       SETSHI_G
  -------         PROC          SETSHI_R
  -------         DO            
  D:0006H         SYMBOL        row1
  D:0007H         SYMBOL        row2
  -------         ENDDO         
  C:8E3AH         LINE#         203
  C:8E3AH         LINE#         204
  C:8E3AH         LINE#         206
  C:8E3FH         LINE#         207
  C:8E41H         LINE#         209
  C:8E48H         LINE#         210
  C:8E4CH         LINE#         212
  C:8E52H         LINE#         213
  C:8E6DH         LINE#         215
  C:8E8CH         LINE#         216
  C:8E94H         LINE#         217
  C:8EB3H         LINE#         218
  C:8ED2H         LINE#         219
  C:8ED5H         LINE#         220
  C:8EF4H         LINE#         221
  C:8F13H         LINE#         223
  C:8F16H         LINE#         224
  C:8F1BH         LINE#         226
  C:8F1EH         LINE#         227
  C:8F26H         LINE#         228
  -------         ENDPROC       SETSHI_R
  -------         PROC          SETFEN_G
  -------         DO            
  D:0005H         SYMBOL        row1
  D:0004H         SYMBOL        row2
  -------         ENDDO         
  C:A77AH         LINE#         231
  C:A77AH         LINE#         232
  C:A77AH         LINE#         234
  C:A77AH         LINE#         235
  C:A77AH         LINE#         237
  C:A77DH         LINE#         239
  C:A784H         LINE#         240
  C:A78AH         LINE#         242
  -------         ENDPROC       SETFEN_G
  -------         PROC          SETFEN_R
  -------         DO            
  D:0006H         SYMBOL        row1
BL51 BANKED LINKER/LOCATER V6.22.2.0                                                  01/14/2022  09:01:27  PAGE 31


  D:0007H         SYMBOL        row2
  -------         ENDDO         
  C:8F27H         LINE#         245
  C:8F27H         LINE#         246
  C:8F27H         LINE#         248
  C:8F2CH         LINE#         249
  C:8F2EH         LINE#         251
  C:8F35H         LINE#         252
  C:8F39H         LINE#         254
  C:8F3FH         LINE#         255
  C:8F5AH         LINE#         257
  C:8F79H         LINE#         258
  C:8F81H         LINE#         259
  C:8FA0H         LINE#         260
  C:8FBFH         LINE#         261
  C:8FC2H         LINE#         262
  C:8FE1H         LINE#         263
  C:9000H         LINE#         265
  C:9003H         LINE#         266
  C:900BH         LINE#         268
  C:900EH         LINE#         269
  C:9013H         LINE#         270
  -------         ENDPROC       SETFEN_R
  -------         PROC          SETMIAO_G
  -------         DO            
  D:0005H         SYMBOL        row1
  D:0004H         SYMBOL        row2
  -------         ENDDO         
  C:A78BH         LINE#         273
  C:A78BH         LINE#         274
  C:A78BH         LINE#         276
  C:A78BH         LINE#         277
  C:A78BH         LINE#         279
  C:A78EH         LINE#         281
  C:A795H         LINE#         282
  C:A79BH         LINE#         283
  -------         ENDPROC       SETMIAO_G
  -------         PROC          SETMIAO_R
  -------         DO            
  D:0006H         SYMBOL        row1
  D:0007H         SYMBOL        row2
  -------         ENDDO         
  C:9014H         LINE#         286
  C:9014H         LINE#         287
  C:9014H         LINE#         289
  C:9019H         LINE#         290
  C:901BH         LINE#         292
  C:9022H         LINE#         293
  C:9026H         LINE#         295
  C:902CH         LINE#         296
  C:9047H         LINE#         298
  C:9066H         LINE#         299
  C:906EH         LINE#         300
  C:908DH         LINE#         301
  C:90ACH         LINE#         302
  C:90AFH         LINE#         303
  C:90CEH         LINE#         304
BL51 BANKED LINKER/LOCATER V6.22.2.0                                                  01/14/2022  09:01:27  PAGE 32


  C:90EDH         LINE#         306
  C:90F0H         LINE#         307
  C:90F8H         LINE#         309
  C:90FBH         LINE#         310
  C:9100H         LINE#         311
  -------         ENDPROC       SETMIAO_R
  -------         PROC          SETLIANGDU_G
  -------         DO            
  D:0005H         SYMBOL        row1
  D:0004H         SYMBOL        row2
  -------         ENDDO         
  C:9C03H         LINE#         314
  C:9C03H         LINE#         315
  C:9C03H         LINE#         318
  C:9C03H         LINE#         319
  C:9C03H         LINE#         321
  C:9C06H         LINE#         322
  C:9C0DH         LINE#         323
  C:9C11H         LINE#         324
  C:9C1AH         LINE#         325
  C:9C20H         LINE#         327
  C:9C43H         LINE#         328
  C:9C69H         LINE#         329
  C:9C8BH         LINE#         330
  -------         ENDPROC       SETLIANGDU_G
  -------         PROC          SETLIANGDU_R
  -------         DO            
  D:0006H         SYMBOL        row1
  D:0007H         SYMBOL        row2
  -------         ENDDO         
  C:9A5AH         LINE#         332
  C:9A5AH         LINE#         333
  C:9A5AH         LINE#         335
  C:9A5FH         LINE#         336
  C:9A61H         LINE#         339
  C:9A68H         LINE#         340
  C:9A6CH         LINE#         341
  C:9A73H         LINE#         342
  C:9A77H         LINE#         344
  C:9AADH         LINE#         345
  C:9AE2H         LINE#         347
  C:9AE5H         LINE#         348
  C:9AEAH         LINE#         349
  -------         ENDPROC       SETLIANGDU_R
  -------         PROC          SETMINLIANGDU_G
  -------         DO            
  D:0005H         SYMBOL        row1
  D:0004H         SYMBOL        row2
  -------         ENDDO         
  C:A33DH         LINE#         352
  C:A33DH         LINE#         353
  C:A33DH         LINE#         355
  C:A33DH         LINE#         356
  C:A33DH         LINE#         358
  C:A340H         LINE#         359
  C:A347H         LINE#         360
  C:A34BH         LINE#         361
BL51 BANKED LINKER/LOCATER V6.22.2.0                                                  01/14/2022  09:01:27  PAGE 33


  C:A352H         LINE#         362
  C:A356H         LINE#         364
  C:A35DH         LINE#         365
  C:A361H         LINE#         366
  C:A36AH         LINE#         367
  C:A370H         LINE#         368
  -------         ENDPROC       SETMINLIANGDU_G
  -------         PROC          SETMINLIANGDU_R
  -------         DO            
  D:0006H         SYMBOL        row1
[...]
  C:7623H         LINE#         3472
  C:7626H         LINE#         3473
  C:7626H         LINE#         3474
  C:7628H         LINE#         3475
  C:762AH         LINE#         3476
  C:7630H         LINE#         3477
  C:7630H         LINE#         3478
  C:7630H         LINE#         3480
  C:7633H         LINE#         3481
  C:7635H         LINE#         3483
  C:763BH         LINE#         3484
  C:763BH         LINE#         3485
  C:763EH         LINE#         3487
  C:7641H         LINE#         3488
  C:7641H         LINE#         3489
  C:7643H         LINE#         3490
  C:7645H         LINE#         3491
  C:764BH         LINE#         3492
  C:764BH         LINE#         3493
  C:764BH         LINE#         3495
  C:764EH         LINE#         3496
  C:7650H         LINE#         3498
  C:7656H         LINE#         3499
  C:7656H         LINE#         3500
  C:7659H         LINE#         3502
  C:765CH         LINE#         3503
  C:765CH         LINE#         3504
  C:765EH         LINE#         3505
  C:7660H         LINE#         3506
  C:7666H         LINE#         3508
  C:7666H         LINE#         3509
  C:7666H         LINE#         3511
  C:7669H         LINE#         3513
  C:766CH         LINE#         3514
  C:766CH         LINE#         3515
  C:7673H         LINE#         3516
  C:7675H         LINE#         3518
  C:7678H         LINE#         3520
  C:767EH         LINE#         3521
  C:7680H         LINE#         3524
  C:7682H         LINE#         3525
  C:7684H         LINE#         3526
  C:7684H         LINE#         3528
  C:7689H         LINE#         3529
  C:7689H         LINE#         3530
  C:7691H         LINE#         3532
  C:769DH         LINE#         3533
  C:76A4H         LINE#         3534
  C:76A4H         LINE#         3536
  C:76AAH         LINE#         3537
  C:76AAH         LINE#         3538
  C:76ABH         LINE#         3539
  C:76ABH         LINE#         3541
  C:76B4H         LINE#         3542
BL51 BANKED LINKER/LOCATER V6.22.2.0                                                  01/14/2022  09:01:27  PAGE 85


  C:76B4H         LINE#         3543
  C:76BBH         LINE#         3544
  C:76BDH         LINE#         3546
  C:76F3H         LINE#         3547
  C:76F3H         LINE#         3548
  C:76F3H         LINE#         3549
  C:76F6H         LINE#         3550
  C:76F6H         LINE#         3551
  C:76F9H         LINE#         3553
  C:7702H         LINE#         3554
  C:7704H         LINE#         3556
  C:7707H         LINE#         3558
  C:7707H         LINE#         3559
  C:7709H         LINE#         3560
  C:770CH         LINE#         3561
  C:770CH         LINE#         3563
  C:770FH         LINE#         3565
  C:770FH         LINE#         3566
  C:7715H         LINE#         3567
  C:7717H         LINE#         3569
  C:7717H         LINE#         3570
  C:771DH         LINE#         3571
  C:771FH         LINE#         3573
  C:771FH         LINE#         3574
  C:7725H         LINE#         3575
  C:7727H         LINE#         3577
  C:7727H         LINE#         3578
  C:772DH         LINE#         3579
  C:772FH         LINE#         3581
  C:772FH         LINE#         3582
  C:7735H         LINE#         3583
  C:7737H         LINE#         3585
  C:7737H         LINE#         3586
  C:773FH         LINE#         3587
  C:7742H         LINE#         3589
  C:7742H         LINE#         3590
  C:774AH         LINE#         3591
  C:774BH         LINE#         3593
  C:7757H         LINE#         3595
  C:7763H         LINE#         3597
  C:7765H         LINE#         3599
  C:7765H         LINE#         3600
  C:776DH         LINE#         3601
  C:776EH         LINE#         3603
  C:777AH         LINE#         3605
  C:7786H         LINE#         3607
  C:7788H         LINE#         3609
  C:7788H         LINE#         3610
  C:7790H         LINE#         3611
  C:7791H         LINE#         3613
  C:779DH         LINE#         3615
  C:77A9H         LINE#         3617
  C:77ABH         LINE#         3619
  C:77ABH         LINE#         3620
  C:77B3H         LINE#         3621
  C:77B4H         LINE#         3623
  C:77BEH         LINE#         3625
BL51 BANKED LINKER/LOCATER V6.22.2.0                                                  01/14/2022  09:01:27  PAGE 86


  C:77C8H         LINE#         3627
  C:77CAH         LINE#         3629
  C:77CAH         LINE#         3630
  C:77CCH         LINE#         3633
  C:77CCH         LINE#         3634
  C:77CCH         LINE#         3635
  C:77CCH         LINE#         3637
  C:77CEH         LINE#         3638
  C:77D0H         LINE#         3639
  C:77D0H         LINE#         3641
  C:77D3H         LINE#         3642
  C:77D3H         LINE#         3644
  C:77D8H         LINE#         3645
  C:77D8H         LINE#         3647
  C:77DBH         LINE#         3649
  C:77E3H         LINE#         3651
  C:77EAH         LINE#         3652
  C:77ECH         LINE#         3654
  C:77EEH         LINE#         3656
  C:77EEH         LINE#         3657
  C:77F2H         LINE#         3659
  C:77F2H         LINE#         3661
  C:77F4H         LINE#         3662
  C:77F4H         LINE#         3664
  C:7807H         LINE#         3666
  C:7811H         LINE#         3667
  C:7811H         LINE#         3668
  C:7813H         LINE#         3669
  C:7816H         LINE#         3670
  C:7818H         LINE#         3671
  C:781AH         LINE#         3672
  C:781AH         LINE#         3673
  -------         ENDPROC       KEYSCAN
  -------         PROC          MAIN
  -------         DO            
  I:007FH         SYMBOL        count
  I:0080H         SYMBOL        a
  I:0081H         SYMBOL        b
  -------         ENDDO         
  C:805DH         LINE#         3675
  C:805DH         LINE#         3676
  C:805DH         LINE#         3679
  C:8060H         LINE#         3680
  C:8063H         LINE#         3681
  C:8066H         LINE#         3682
  C:8068H         LINE#         3683
  C:806BH         LINE#         3684
  C:806DH         LINE#         3685
  C:8070H         LINE#         3686
  C:8072H         LINE#         3687
  C:8075H         LINE#         3690
  C:8078H         LINE#         3691
  C:807BH         LINE#         3693
  C:807DH         LINE#         3694
  C:807FH         LINE#         3695
  C:8081H         LINE#         3696
  C:8084H         LINE#         3697
BL51 BANKED LINKER/LOCATER V6.22.2.0                                                  01/14/2022  09:01:27  PAGE 87


  C:8087H         LINE#         3698
  C:808AH         LINE#         3699
  C:808DH         LINE#         3700
  C:808FH         LINE#         3701
  C:8091H         LINE#         3702
  C:8093H         LINE#         3703
  C:8095H         LINE#         3704
  C:8097H         LINE#         3705
  C:8099H         LINE#         3706
  C:809BH         LINE#         3707
  C:809DH         LINE#         3708
  C:809FH         LINE#         3710
  C:80A5H         LINE#         3711
  C:80A5H         LINE#         3712
  C:80AAH         LINE#         3714
  C:80B0H         LINE#         3715
  C:80B4H         LINE#         3717
  C:80B6H         LINE#         3718
  C:80B8H         LINE#         3720
  C:80BAH         LINE#         3722
  C:80BCH         LINE#         3723
  C:80BFH         LINE#         3725
  C:80C2H         LINE#         3726
  C:80C2H         LINE#         3727
  C:80C5H         LINE#         3729
  C:80C7H         LINE#         3730
  C:80CAH         LINE#         3731
  C:80CCH         LINE#         3733
  C:80CFH         LINE#         3735
  C:80D1H         LINE#         3736
  C:80D4H         LINE#         3737
  C:80D7H         LINE#         3740
  C:80D9H         LINE#         3741
  C:80DCH         LINE#         3743
  C:80DFH         LINE#         3744
  C:80DFH         LINE#         3745
  C:80E2H         LINE#         3747
  C:80E4H         LINE#         3748
  C:80E7H         LINE#         3749
  C:80E9H         LINE#         3751
  C:80ECH         LINE#         3753
  C:80F6H         LINE#         3754
  C:80F6H         LINE#         3755
  C:80F9H         LINE#         3756
  C:80FCH         LINE#         3757
  C:80FEH         LINE#         3759
  C:8100H         LINE#         3761
  C:810CH         LINE#         3762
  C:810CH         LINE#         3763
  C:8110H         LINE#         3764
  C:8112H         LINE#         3765
  C:8116H         LINE#         3766
  C:8118H         LINE#         3767
  C:811BH         LINE#         3768
  C:811EH         LINE#         3769
  C:8120H         LINE#         3770
  C:8123H         LINE#         3771
BL51 BANKED LINKER/LOCATER V6.22.2.0                                                  01/14/2022  09:01:27  PAGE 88


  C:8126H         LINE#         3773
  C:8128H         LINE#         3775
  C:8128H         LINE#         3777
  C:8133H         LINE#         3778
  C:813DH         LINE#         3779
  C:8146H         LINE#         3780
  C:814EH         LINE#         3781
  C:8157H         LINE#         3782
  C:8160H         LINE#         3783
  C:816AH         LINE#         3784
  C:8173H         LINE#         3786
  C:817DH         LINE#         3787
  C:817DH         LINE#         3789
  C:8180H         LINE#         3791
  C:8183H         LINE#         3792
  C:8186H         LINE#         3794
  C:8186H         LINE#         3795
  C:8186H         LINE#         3796
  C:8189H         LINE#         3798
  C:818FH         LINE#         3799
  C:818FH         LINE#         3800
  C:8191H         LINE#         3801
  C:8193H         LINE#         3802
  C:8195H         LINE#         3803
  C:8198H         LINE#         3804
  C:819BH         LINE#         3805
  C:819EH         LINE#         3807
  C:81A3H         LINE#         3808
  C:81A3H         LINE#         3809
  C:81ADH         LINE#         3810
  C:81ADH         LINE#         3811
  C:81AFH         LINE#         3812
  C:81B2H         LINE#         3814
  C:81BAH         LINE#         3815
  C:81BAH         LINE#         3817
  C:81BAH         LINE#         3819
  C:81C2H         LINE#         3820
  C:81C2H         LINE#         3821
  C:81C4H         LINE#         3822
  C:81C6H         LINE#         3823
  C:81C8H         LINE#         3824
  C:81CAH         LINE#         3826
  C:81D0H         LINE#         3827
  C:81D0H         LINE#         3828
  C:81D2H         LINE#         3831
  C:81D5H         LINE#         3832
  C:81D5H         LINE#         3833
  C:81D8H         LINE#         3835
  C:81DAH         LINE#         3836
  C:81DDH         LINE#         3837
  C:81DFH         LINE#         3839
  C:81E2H         LINE#         3840
  C:81E2H         LINE#         3841
  C:81E2H         LINE#         3842
  C:81E2H         LINE#         3845
  C:81E5H         LINE#         3846
  C:81E8H         LINE#         3847
BL51 BANKED LINKER/LOCATER V6.22.2.0                                                  01/14/2022  09:01:27  PAGE 89


  -------         ENDPROC       MAIN
  -------         PROC          INT1
  -------         DO            
  X:0000H         SYMBOL        a
  X:0001H         SYMBOL        b
  D:001FH         SYMBOL        temp
  -------         ENDDO         
  C:8D42H         LINE#         3851
  C:8D4DH         LINE#         3855
  C:8D4FH         LINE#         3856
  C:8D51H         LINE#         3857
  C:8D53H         LINE#         3858
  C:8D56H         LINE#         3859
  C:8D59H         LINE#         3860
  C:8D5BH         LINE#         3862
  C:8D6BH         LINE#         3863
  C:8D6BH         LINE#         3864
  C:8D6BH         LINE#         3865
  C:8D6FH         LINE#         3866
  C:8D76H         LINE#         3867
  C:8D79H         LINE#         3869
  C:8D79H         LINE#         3870
  C:8D85H         LINE#         3871
  C:8D87H         LINE#         3873
  C:8D8BH         LINE#         3875
  C:8D8EH         LINE#         3878
  C:8D8EH         LINE#         3879
  C:8D9AH         LINE#         3880
  C:8D9CH         LINE#         3882
  C:8D9CH         LINE#         3883
  C:8DADH         LINE#         3885
  C:8DB3H         LINE#         3886
  C:8DBDH         LINE#         3888
  C:8DC8H         LINE#         3890
  C:8DCEH         LINE#         3892
  C:8DD4H         LINE#         3893
  C:8DD4H         LINE#         3894
  C:8DDAH         LINE#         3895
  C:8DDDH         LINE#         3896
  C:8DDDH         LINE#         3898
  C:8DE6H         LINE#         3899
  C:8DE6H         LINE#         3900
  C:8DF1H         LINE#         3901
  C:8DF1H         LINE#         3902
  C:8DF5H         LINE#         3903
  C:8DF8H         LINE#         3904
  C:8DFBH         LINE#         3905
  C:8DFDH         LINE#         3907
  C:8E01H         LINE#         3908
  C:8E01H         LINE#         3909
  C:8E01H         LINE#         3911
  C:8E03H         LINE#         3913
  C:8E03H         LINE#         3914
  C:8E08H         LINE#         3915
  C:8E08H         LINE#         3916
  C:8E0AH         LINE#         3917
  C:8E0CH         LINE#         3918
BL51 BANKED LINKER/LOCATER V6.22.2.0                                                  01/14/2022  09:01:27  PAGE 90


  C:8E0CH         LINE#         3920
  C:8E14H         LINE#         3921
  C:8E14H         LINE#         3922
  C:8E16H         LINE#         3923
  C:8E1CH         LINE#         3924
  C:8E1CH         LINE#         3926
  C:8E1CH         LINE#         3927
  C:8E1CH         LINE#         3929
  C:8E22H         LINE#         3930
  C:8E22H         LINE#         3931
  C:8E24H         LINE#         3932
  C:8E27H         LINE#         3933
  C:8E29H         LINE#         3934
  C:8E2CH         LINE#         3935
  C:8E2FH         LINE#         3936
  C:8E2FH         LINE#         3938
  C:8E31H         LINE#         3939
  -------         ENDPROC       INT1
  -------         PROC          TIME1
  C:A409H         LINE#         3944
  C:A412H         LINE#         3946
  C:A414H         LINE#         3947
  C:A417H         LINE#         3949
  C:A425H         LINE#         3950
  C:A425H         LINE#         3951
  C:A429H         LINE#         3952
  C:A42CH         LINE#         3953
  C:A42EH         LINE#         3954
  C:A431H         LINE#         3955
  C:A434H         LINE#         3956
  C:A434H         LINE#         3957
  -------         ENDPROC       TIME1
  -------         PROC          ADC
  -------         DO            
  X:0038H         SYMBOL        ADC_temp
  X:0002H         SYMBOL        m
  X:0003H         SYMBOL        TO
  X:0005H         SYMBOL        max
  X:0007H         SYMBOL        min
  -------         ENDDO         
  C:7C40H         LINE#         3959
  C:7C4DH         LINE#         3968
  C:7C50H         LINE#         3970
  C:7C66H         LINE#         3972
  C:7C6CH         LINE#         3973
  C:7C82H         LINE#         3975
  C:7C98H         LINE#         3976
  C:7CA0H         LINE#         3978
  C:7CAFH         LINE#         3979
  C:7CBEH         LINE#         3981
  C:7CD2H         LINE#         3982
  C:7CD8H         LINE#         3984
  C:7CDEH         LINE#         3985
  C:7CE4H         LINE#         3987
  C:7CE4H         LINE#         3988
  C:7D21H         LINE#         3989
  C:7D28H         LINE#         3990
BL51 BANKED LINKER/LOCATER V6.22.2.0                                                  01/14/2022  09:01:27  PAGE 91


  C:7D2CH         LINE#         3992
  C:7D2FH         LINE#         3993
  C:7D2FH         LINE#         3994
  C:7D6AH         LINE#         3995
  C:7D73H         LINE#         3996
  C:7D77H         LINE#         3997
  C:7D79H         LINE#         3998
  C:7D79H         LINE#         4000
  C:7D7FH         LINE#         4001
  C:7D7FH         LINE#         4002
  C:7D98H         LINE#         4003
  C:7DADH         LINE#         4005
  C:7DD5H         LINE#         4006
  C:7DD5H         LINE#         4008
  C:7DEBH         LINE#         4009
  C:7DF4H         LINE#         4011
  C:7DF7H         LINE#         4012
  C:7DF7H         LINE#         4013
  C:7E02H         LINE#         4014
  C:7E07H         LINE#         4016
  C:7E0AH         LINE#         4017
  C:7E0AH         LINE#         4019
  C:7E19H         LINE#         4020
  C:7E19H         LINE#         4021
  C:7E24H         LINE#         4022
  C:7E29H         LINE#         4024
  C:7E2CH         LINE#         4025
  C:7E2CH         LINE#         4026
  C:7E2EH         LINE#         4028
  C:7E2EH         LINE#         4029
  C:7E39H         LINE#         4030
  C:7E3DH         LINE#         4032
  C:7E44H         LINE#         4033
  C:7E44H         LINE#         4035
  C:7E46H         LINE#         4036
  C:7E46H         LINE#         4037
  C:7E46H         LINE#         4038
  -------         ENDPROC       ADC
  -------         PROC          UART
  -------         DO            
  D:0056H         SYMBOL        Rx_temp
  X:0009H         SYMBOL        fg_count
  X:000AH         SYMBOL        Rx_count
  X:000BH         SYMBOL        n
  X:000CH         SYMBOL        da_count
  -------         ENDDO         
  C:92C7H         LINE#         4041
  C:92D2H         LINE#         4051
  C:92D8H         LINE#         4052
  C:92D8H         LINE#         4053
  C:92DAH         LINE#         4054
  C:92DDH         LINE#         4057
  C:92E2H         LINE#         4058
  C:92E2H         LINE#         4060
  C:92E8H         LINE#         4062
  C:92EEH         LINE#         4063
  C:92EEH         LINE#         4064
BL51 BANKED LINKER/LOCATER V6.22.2.0                                                  01/14/2022  09:01:27  PAGE 92


  C:92F1H         LINE#         4065
  C:92F3H         LINE#         4066
  C:92F3H         LINE#         4067
  C:92F5H         LINE#         4069
  C:92FAH         LINE#         4072
  C:9304H         LINE#         4073
  C:9304H         LINE#         4074
  C:930DH         LINE#         4075
  C:9312H         LINE#         4077
  C:9317H         LINE#         4078
  C:9319H         LINE#         4080
  C:9319H         LINE#         4081
  C:931EH         LINE#         4082
  C:931EH         LINE#         4083
  C:9324H         LINE#         4084
  C:9329H         LINE#         4085
  C:932BH         LINE#         4087
  C:932BH         LINE#         4088
  C:9333H         LINE#         4089
  C:9333H         LINE#         4090
  C:933CH         LINE#         4091
  C:9348H         LINE#         4092
  C:934AH         LINE#         4093
  C:934EH         LINE#         4094
  C:934EH         LINE#         4095
  C:9353H         LINE#         4096
  C:9357H         LINE#         4098
  C:9359H         LINE#         4099
  C:935BH         LINE#         4100
  C:9363H         LINE#         4101
  C:9379H         LINE#         4102
  C:937FH         LINE#         4103
  C:937FH         LINE#         4104
  C:9381H         LINE#         4106
  C:9386H         LINE#         4107
  C:938AH         LINE#         4108
  C:938EH         LINE#         4109
  C:938EH         LINE#         4110
  C:938EH         LINE#         4111
  C:938EH         LINE#         4112
  C:938EH         LINE#         4114
  -------         ENDPROC       UART
  -------         ENDMOD        3264GPS____

  -------         MODULE        ?C?SCDIV
  C:A0E0H         PUBLIC        ?C?SCDIV
  -------         ENDMOD        ?C?SCDIV

  -------         MODULE        ?C?IMUL
  C:A102H         PUBLIC        ?C?IMUL
  -------         ENDMOD        ?C?IMUL

  -------         MODULE        ?C?ILDIX
  C:A114H         PUBLIC        ?C?ILDIX
  -------         ENDMOD        ?C?ILDIX

  -------         MODULE        ?C?OFFXADD
BL51 BANKED LINKER/LOCATER V6.22.2.0                                                  01/14/2022  09:01:27  PAGE 93


  C:A12AH         PUBLIC        ?C?OFFXADD
  -------         ENDMOD        ?C?OFFXADD

Program Size: data=141.7 xdata=58 code=42960
LINK/LOCATE RUN COMPLETE.  0 WARNING(S),  0 ERROR(S)
